 gmsv_sassilization_win32

 Timestamp is 53869830 (Thu May 29 04:15:12 2014)

 Preferred load address is 10000000

 Start         Length     Name                   Class
 0001:00000000 0001269eH .text                   CODE
 0001:000126a0 00000643H .text$x                 CODE
 0001:00012cf0 000002bcH .text$yc                CODE
 0001:00012fb0 0000016eH .text$yd                CODE
 0002:00000000 00000138H .idata$5                DATA
 0002:00000138 00000004H .CRT$XCA                DATA
 0002:0000013c 00000044H .CRT$XCU                DATA
 0002:00000180 00000004H .CRT$XCZ                DATA
 0002:00000184 00000004H .CRT$XIA                DATA
 0002:00000188 00000010H .CRT$XIC                DATA
 0002:00000198 00000004H .CRT$XIU                DATA
 0002:0000019c 00000004H .CRT$XIZ                DATA
 0002:000001a0 00000004H .CRT$XLA                DATA
 0002:000001a4 00000004H .CRT$XLC                DATA
 0002:000001a8 00000004H .CRT$XLZ                DATA
 0002:000001ac 00000004H .CRT$XPA                DATA
 0002:000001b0 00000004H .CRT$XPX                DATA
 0002:000001b4 00000004H .CRT$XPXA               DATA
 0002:000001b8 00000004H .CRT$XPZ                DATA
 0002:000001bc 00000004H .CRT$XTA                DATA
 0002:000001c0 00000004H .CRT$XTU                DATA
 0002:000001c4 00000004H .CRT$XTZ                DATA
 0002:000001d0 00002b68H .rdata                  DATA
 0002:00002d38 00000018H .rdata$T                DATA
 0002:00002d50 00000066H .rdata$debug            DATA
 0002:00002db8 00000708H .rdata$r                DATA
 0002:000034c0 00000080H .rdata$sxdata           DATA
 0002:00003540 00000004H .rtc$IAA                DATA
 0002:00003544 00000004H .rtc$IZZ                DATA
 0002:00003548 00000004H .rtc$TAA                DATA
 0002:0000354c 00000004H .rtc$TZZ                DATA
 0002:00003550 00000cfcH .xdata$x                DATA
 0002:0000424c 00000028H .idata$2                DATA
 0002:00004274 00000014H .idata$3                DATA
 0002:00004288 00000138H .idata$4                DATA
 0002:000043c0 0000057aH .idata$6                DATA
 0002:00004940 00000072H .edata                  DATA
 0003:00000000 00001c38H .data                   DATA
 0003:00001c40 00002100H .bss                    DATA
 0004:00000000 00000001H .tls                    DATA
 0004:00000001 00000001H .tls$ZZZ                DATA

  Address         Publics by Value              Rva+Base       Lib:Object

 0000:00000000       __except_list              00000000     <absolute>
 0000:00000020       ___safe_se_handler_count   00000020     <absolute>
 0000:00000000       ___ImageBase               10000000     <linker-defined>
 0001:00000000       ?UtlMemory_CalcNewAllocationCount@@YAHHHHH@Z 10001000 f i ILuaInterface.obj
 0001:00000033       ??0ILuaInterface@@QAE@PAUlua_State@@@Z 10001033 f   ILuaInterface.obj
 0001:00000126       ?GetNewTable@ILuaInterface@@QAEPAVILuaObject@@XZ 10001126 f   ILuaInterface.obj
 0001:0000016b       ?Error@ILuaInterface@@QAAXPBDZZ 1000116b f   ILuaInterface.obj
 0001:000001b4       ?GetGlobal@ILuaInterface@@QAEPAVILuaObject@@PBD@Z 100011b4 f   ILuaInterface.obj
 0001:0000021e       ?GetObject@ILuaInterface@@QAEPAVILuaObject@@H@Z 1000121e f   ILuaInterface.obj
 0001:00000271       ?DeleteLuaVector@ILuaInterface@@QAEXPAV?$CUtlVector@ULuaKeyValue@@V?$CUtlMemory@ULuaKeyValue@@H@@@@@Z 10001271 f   ILuaInterface.obj
 0001:000002d1       ?GetMetaTable@ILuaInterface@@QAEPAVILuaObject@@PBDH@Z 100012d1 f   ILuaInterface.obj
 0001:00000323       ?AddToTail@?$CUtlVector@ULuaKeyValue@@V?$CUtlMemory@ULuaKeyValue@@H@@@@QAEHABULuaKeyValue@@@Z 10001323 f i ILuaInterface.obj
 0001:00000387       ??1?$CUtlMemory@PAVNode@@H@@QAE@XZ 10001387 f i nav.obj
 0001:00000387       ??1?$CUtlMemory@ULuaKeyValue@@H@@QAE@XZ 10001387 f i ILuaInterface.obj
 0001:00000387       ??1?$CUtlMemory@PAUBorder@@H@@QAE@XZ 10001387 f i main.obj
 0001:0000038c       ?Purge@?$CUtlMemory@PAVNode@@H@@QAEXXZ 1000138c f i nav.obj
 0001:0000038c       ?Purge@?$CUtlMemory@PAUBorder@@H@@QAEXXZ 1000138c f i main.obj
 0001:0000038c       ?Purge@?$CUtlMemory@ULuaKeyValue@@H@@QAEXXZ 1000138c f i ILuaInterface.obj
 0001:000003ae       ?Grow@?$CUtlMemory@ULuaKeyValue@@H@@QAEXH@Z 100013ae f i ILuaInterface.obj
 0001:0000040c       ??1bad_alloc@std@@UAE@XZ   1000140c f i ILuaModuleManager.obj
 0001:00000417       ??_Ebad_alloc@std@@UAEPAXI@Z 10001417 f i  CIL library: CIL module
 0001:00000417       ??_Gbad_alloc@std@@UAEPAXI@Z 10001417 f i ILuaModuleManager.obj
 0001:0000043c       ??A?$map@PAUlua_State@@PAVILuaInterface@@U?$less@PAUlua_State@@@std@@V?$allocator@U?$pair@QAUlua_State@@PAVILuaInterface@@@std@@@4@@std@@QAEAAPAVILuaInterface@@ABQAUlua_State@@@Z 1000143c f i ILuaModuleManager.obj
 0001:000004a0       ?erase@?$_Tree@V?$_Tmap_traits@PAUlua_State@@PAVILuaInterface@@U?$less@PAUlua_State@@@std@@V?$allocator@U?$pair@QAUlua_State@@PAVILuaInterface@@@std@@@4@$0A@@std@@@std@@QAEIABQAUlua_State@@@Z 100014a0 f i ILuaModuleManager.obj
 0001:0000053e       ?erase@?$_Tree@V?$_Tmap_traits@PAUlua_State@@PAVILuaInterface@@U?$less@PAUlua_State@@@std@@V?$allocator@U?$pair@QAUlua_State@@PAVILuaInterface@@@std@@@4@$0A@@std@@@std@@QAE?AV?$_Tree_iterator@V?$_Tree_val@V?$_Tmap_traits@PAUlua_State@@PAVILuaInterface@@U?$less@PAUlua_State@@@std@@V?$allocator@U?$pair@QAUlua_State@@PAVILuaInterface@@@std@@@4@$0A@@std@@@std@@@2@V?$_Tree_const_iterator@V?$_Tree_val@V?$_Tmap_traits@PAUlua_State@@PAVILuaInterface@@U?$less@PAUlua_State@@@std@@V?$allocator@U?$pair@QAUlua_State@@PAVILuaInterface@@@std@@@4@$0A@@std@@@std@@@2@0@Z 1000153e f i ILuaModuleManager.obj
 0001:000005a5       ?erase@?$_Tree@V?$_Tmap_traits@PAUlua_State@@PAVILuaInterface@@U?$less@PAUlua_State@@@std@@V?$allocator@U?$pair@QAUlua_State@@PAVILuaInterface@@@std@@@4@$0A@@std@@@std@@QAE?AV?$_Tree_iterator@V?$_Tree_val@V?$_Tmap_traits@PAUlua_State@@PAVILuaInterface@@U?$less@PAUlua_State@@@std@@V?$allocator@U?$pair@QAUlua_State@@PAVILuaInterface@@@std@@@4@$0A@@std@@@std@@@2@V?$_Tree_const_iterator@V?$_Tree_val@V?$_Tmap_traits@PAUlua_State@@PAVILuaInterface@@U?$less@PAUlua_State@@@std@@V?$allocator@U?$pair@QAUlua_State@@PAVILuaInterface@@@std@@@4@$0A@@std@@@std@@@2@@Z 100015a5 f i ILuaModuleManager.obj
 0001:000007fa       ?_Erase@?$_Tree@V?$_Tmap_traits@PAUlua_State@@PAVILuaInterface@@U?$less@PAUlua_State@@@std@@V?$allocator@U?$pair@QAUlua_State@@PAVILuaInterface@@@std@@@4@$0A@@std@@@std@@IAEXPAU_Node@?$_Tree_nod@V?$_Tmap_traits@PAUlua_State@@PAVILuaInterface@@U?$less@PAUlua_State@@@std@@V?$allocator@U?$pair@QAUlua_State@@PAVILuaInterface@@@std@@@4@$0A@@std@@@2@@Z 100017fa f i ILuaModuleManager.obj
 0001:0000082f       ?_Lrotate@?$_Tree@V?$_Tmap_traits@PAUlua_State@@PAVILuaInterface@@U?$less@PAUlua_State@@@std@@V?$allocator@U?$pair@QAUlua_State@@PAVILuaInterface@@@std@@@4@$0A@@std@@@std@@IAEXPAU_Node@?$_Tree_nod@V?$_Tmap_traits@PAUlua_State@@PAVILuaInterface@@U?$less@PAUlua_State@@@std@@V?$allocator@U?$pair@QAUlua_State@@PAVILuaInterface@@@std@@@4@$0A@@std@@@2@@Z 1000182f f i ILuaModuleManager.obj
 0001:00000872       ?_Rrotate@?$_Tree@V?$_Tmap_traits@PAUlua_State@@PAVILuaInterface@@U?$less@PAUlua_State@@@std@@V?$allocator@U?$pair@QAUlua_State@@PAVILuaInterface@@@std@@@4@$0A@@std@@@std@@IAEXPAU_Node@?$_Tree_nod@V?$_Tmap_traits@PAUlua_State@@PAVILuaInterface@@U?$less@PAUlua_State@@@std@@V?$allocator@U?$pair@QAUlua_State@@PAVILuaInterface@@@std@@@4@$0A@@std@@@2@@Z 10001872 f i ILuaModuleManager.obj
 0001:000008b7       ?allocate@?$allocator@U_Node@?$_Tree_nod@V?$_Tmap_traits@PAUlua_State@@PAVILuaInterface@@U?$less@PAUlua_State@@@std@@V?$allocator@U?$pair@QAUlua_State@@PAVILuaInterface@@@std@@@4@$0A@@std@@@std@@@std@@QAEPAU_Node@?$_Tree_nod@V?$_Tmap_traits@PAUlua_State@@PAVILuaInterface@@U?$less@PAUlua_State@@@std@@V?$allocator@U?$pair@QAUlua_State@@PAVILuaInterface@@@std@@@4@$0A@@std@@@2@I@Z 100018b7 f i ILuaModuleManager.obj
 0001:000008ef       ??E?$_Tree_const_iterator@V?$_Tree_val@V?$_Tmap_traits@PAUlua_State@@PAVILuaInterface@@U?$less@PAUlua_State@@@std@@V?$allocator@U?$pair@QAUlua_State@@PAVILuaInterface@@@std@@@4@$0A@@std@@@std@@@std@@QAEAAV01@XZ 100018ef f i ILuaModuleManager.obj
 0001:00000925       ??0bad_alloc@std@@QAE@ABV01@@Z 10001925 f i ILuaModuleManager.obj
 0001:00000940       ?_Insert@?$_Tree@V?$_Tmap_traits@PAUlua_State@@PAVILuaInterface@@U?$less@PAUlua_State@@@std@@V?$allocator@U?$pair@QAUlua_State@@PAVILuaInterface@@@std@@@4@$0A@@std@@@std@@QAE?AV?$_Tree_iterator@V?$_Tree_val@V?$_Tmap_traits@PAUlua_State@@PAVILuaInterface@@U?$less@PAUlua_State@@@std@@V?$allocator@U?$pair@QAUlua_State@@PAVILuaInterface@@@std@@@4@$0A@@std@@@std@@@2@V?$_Tree_const_iterator@V?$_Tree_val@V?$_Tmap_traits@PAUlua_State@@PAVILuaInterface@@U?$less@PAUlua_State@@@std@@V?$allocator@U?$pair@QAUlua_State@@PAVILuaInterface@@@std@@@4@$0A@@std@@@std@@@2@PAU_Node@?$_Tree_nod@V?$_Tmap_traits@PAUlua_State@@PAVILuaInterface@@U?$less@PAUlua_State@@@std@@V?$allocator@U?$pair@QAUlua_State@@PAVILuaInterface@@@std@@@4@$0A@@std@@@2@@Z 10001940 f i ILuaModuleManager.obj
 0001:00000a3a       ?_Linsert@?$_Tree@V?$_Tmap_traits@PAUlua_State@@PAVILuaInterface@@U?$less@PAUlua_State@@@std@@V?$allocator@U?$pair@QAUlua_State@@PAVILuaInterface@@@std@@@4@$0A@@std@@@std@@QAE?AU?$pair@V?$_Tree_iterator@V?$_Tree_val@V?$_Tmap_traits@PAUlua_State@@PAVILuaInterface@@U?$less@PAUlua_State@@@std@@V?$allocator@U?$pair@QAUlua_State@@PAVILuaInterface@@@std@@@4@$0A@@std@@@std@@@std@@_N@2@PAU_Node@?$_Tree_nod@V?$_Tmap_traits@PAUlua_State@@PAVILuaInterface@@U?$less@PAUlua_State@@@std@@V?$allocator@U?$pair@QAUlua_State@@PAVILuaInterface@@@std@@@4@$0A@@std@@@2@_N@Z 10001a3a f i ILuaModuleManager.obj
 0001:00000ad4       ?_Insert@?$_Tree@V?$_Tmap_traits@PAUlua_State@@PAVILuaInterface@@U?$less@PAUlua_State@@@std@@V?$allocator@U?$pair@QAUlua_State@@PAVILuaInterface@@@std@@@4@$0A@@std@@@std@@IAE?AV?$_Tree_iterator@V?$_Tree_val@V?$_Tmap_traits@PAUlua_State@@PAVILuaInterface@@U?$less@PAUlua_State@@@std@@V?$allocator@U?$pair@QAUlua_State@@PAVILuaInterface@@@std@@@4@$0A@@std@@@std@@@2@_NPAU_Node@?$_Tree_nod@V?$_Tmap_traits@PAUlua_State@@PAVILuaInterface@@U?$less@PAUlua_State@@@std@@V?$allocator@U?$pair@QAUlua_State@@PAVILuaInterface@@@std@@@4@$0A@@std@@@2@1@Z 10001ad4 f i ILuaModuleManager.obj
 0001:00000bf2       ??F?$_Tree_const_iterator@V?$_Tree_val@V?$_Tmap_traits@PAUlua_State@@PAVILuaInterface@@U?$less@PAUlua_State@@@std@@V?$allocator@U?$pair@QAUlua_State@@PAVILuaInterface@@@std@@@4@$0A@@std@@@std@@@std@@QAEAAV01@XZ 10001bf2 f i ILuaModuleManager.obj
 0001:00000c33       ??$_Buynode@U?$pair@QAUlua_State@@PAVILuaInterface@@@std@@@?$_Tree_val@V?$_Tmap_traits@PAUlua_State@@PAVILuaInterface@@U?$less@PAUlua_State@@@std@@V?$allocator@U?$pair@QAUlua_State@@PAVILuaInterface@@@std@@@4@$0A@@std@@@std@@QAEPAU_Node@?$_Tree_nod@V?$_Tmap_traits@PAUlua_State@@PAVILuaInterface@@U?$less@PAUlua_State@@@std@@V?$allocator@U?$pair@QAUlua_State@@PAVILuaInterface@@@std@@@4@$0A@@std@@@1@$$QAU?$pair@QAUlua_State@@PAVILuaInterface@@@1@@Z 10001c33 f i ILuaModuleManager.obj
 0001:00000c61       ?UnReference@ILuaObject@@QAEXXZ 10001c61 f   ILuaObject.obj
 0001:00000c76       ?GetType@ILuaObject@@QAEHXZ 10001c76 f   ILuaObject.obj
 0001:00000c99       ?GetMembers@ILuaObject@@QAEPAV?$CUtlVector@ULuaKeyValue@@V?$CUtlMemory@ULuaKeyValue@@H@@@@XZ 10001c99 f   ILuaObject.obj
 0001:00000d7f       ?SetMember@ILuaObject@@QAEXPBDP6AHPAUlua_State@@@Z@Z 10001d7f f   ILuaObject.obj
 0001:00000db8       ?SetMember@ILuaObject@@QAEXNPAV1@@Z 10001db8 f   ILuaObject.obj
 0001:00000def       ?GetMember@ILuaObject@@QAEPAV1@N@Z 10001def f   ILuaObject.obj
 0001:00000e5b       ?Push@ILuaObject@@QAEXXZ   10001e5b f   ILuaObject.obj
 0001:00000fd6       _kd_nearest                10001fd6 f   kdtree.obj
 0001:000010d5       _kd_res_free               100020d5 f   kdtree.obj
 0001:000011f1       ?pow@@YAMMH@Z              100021f1 f i nav.obj
 0001:0000122b       ??1exception@boost@@MAE@XZ 1000222b f i nav.obj
 0001:00001239       ??1clone_base@exception_detail@boost@@UAE@XZ 10002239 f i nav.obj
 0001:00001240       ??_Gclone_base@exception_detail@boost@@UAEPAXI@Z 10002240 f i nav.obj
 0001:00001240       ??_Eclone_base@exception_detail@boost@@UAEPAXI@Z 10002240 f i  CIL library: CIL module
 0001:00001260       ?copy_boost_exception@exception_detail@boost@@YAXPAVexception@2@PBV32@@Z 10002260 f i nav.obj
 0001:000012f4       ?release@sp_counted_base@detail@boost@@QAEXXZ 100022f4 f i nav.obj
 0001:00001320       ??1shared_count@detail@boost@@QAE@XZ 10002320 f i nav.obj
 0001:0000132c       ?intrusive_ptr_release@@YAXPAUthread_data_base@detail@boost@@@Z 1000232c f i nav.obj
 0001:00001347       ?LUA_GetNav@@YAPAVNav@@PAUlua_State@@H@Z 10002347 f   nav.obj
 0001:00001394       ?Reset@Nav@@QAEXXZ         10002394 f   nav.obj
 0001:000013bc       ?AddOpenedNode@Nav@@QAEXPAVNode@@@Z 100023bc f   nav.obj
 0001:000013e1       ?AddClosedNode@Nav@@QAEXPAVNode@@@Z 100023e1 f   nav.obj
 0001:00001423       ?EuclideanDistance@Nav@@QAEMPBVVector@@0@Z 10002423 f   nav.obj
 0001:00001483       ??1?$basic_string@DU?$char_traits@D@std@@V?$allocator@D@2@@std@@QAE@XZ 10002483 f i nav.obj
 0001:0000148d       ??1?$refcount_ptr@Uerror_info_container@exception_detail@boost@@@exception_detail@boost@@QAE@XZ 1000248d f i nav.obj
 0001:00001492       ??1?$intrusive_ptr@Uthread_data_base@detail@boost@@@boost@@QAE@XZ 10002492 f i nav.obj
 0001:000014a0       ?_Tidy@?$basic_string@DU?$char_traits@D@std@@V?$allocator@D@2@@std@@QAEX_NI@Z 100024a0 f i nav.obj
 0001:000014e4       ?release@?$refcount_ptr@Uerror_info_container@exception_detail@boost@@@exception_detail@boost@@AAEXXZ 100024e4 f i nav.obj
 0001:000014fb       ?assign@?$basic_string@DU?$char_traits@D@std@@V?$allocator@D@2@@std@@QAEAAV12@PBDI@Z 100024fb f i nav.obj
 0001:00001570       ?assign@?$basic_string@DU?$char_traits@D@std@@V?$allocator@D@2@@std@@QAEAAV12@ABV12@II@Z 10002570 f i nav.obj
 0001:00001609       ?_Grow@?$basic_string@DU?$char_traits@D@std@@V?$allocator@D@2@@std@@QAE_NI_N@Z 10002609 f i nav.obj
 0001:0000166d       ?_Inside@?$basic_string@DU?$char_traits@D@std@@V?$allocator@D@2@@std@@QAE_NPBD@Z 1000266d f i nav.obj
 0001:000016a8       ?erase@?$_Tree@V?$_Tmap_traits@PBXUtss_data_node@detail@boost@@U?$less@PBX@std@@V?$allocator@U?$pair@QBXUtss_data_node@detail@boost@@@std@@@5@$0A@@std@@@std@@QAE?AV?$_Tree_iterator@V?$_Tree_val@V?$_Tmap_traits@PBXUtss_data_node@detail@boost@@U?$less@PBX@std@@V?$allocator@U?$pair@QBXUtss_data_node@detail@boost@@@std@@@5@$0A@@std@@@std@@@2@V?$_Tree_const_iterator@V?$_Tree_val@V?$_Tmap_traits@PBXUtss_data_node@detail@boost@@U?$less@PBX@std@@V?$allocator@U?$pair@QBXUtss_data_node@detail@boost@@@std@@@5@$0A@@std@@@std@@@2@@Z 100026a8 f i nav.obj
 0001:000018fc       ?erase@?$basic_string@DU?$char_traits@D@std@@V?$allocator@D@2@@std@@QAEAAV12@II@Z 100028fc f i nav.obj
 0001:00001974       ?_Copy@?$basic_string@DU?$char_traits@D@std@@V?$allocator@D@2@@std@@QAEXII@Z 10002974 f i nav.obj
 0001:00001a57       ?_Lrotate@?$_Tree@V?$_Tmap_traits@PBXUtss_data_node@detail@boost@@U?$less@PBX@std@@V?$allocator@U?$pair@QBXUtss_data_node@detail@boost@@@std@@@5@$0A@@std@@@std@@IAEXPAU_Node@?$_Tree_nod@V?$_Tmap_traits@PBXUtss_data_node@detail@boost@@U?$less@PBX@std@@V?$allocator@U?$pair@QBXUtss_data_node@detail@boost@@@std@@@5@$0A@@std@@@2@@Z 10002a57 f i nav.obj
 0001:00001a9c       ?_Rrotate@?$_Tree@V?$_Tmap_traits@PBXUtss_data_node@detail@boost@@U?$less@PBX@std@@V?$allocator@U?$pair@QBXUtss_data_node@detail@boost@@@std@@@5@$0A@@std@@@std@@IAEXPAU_Node@?$_Tree_nod@V?$_Tmap_traits@PBXUtss_data_node@detail@boost@@U?$less@PBX@std@@V?$allocator@U?$pair@QBXUtss_data_node@detail@boost@@@std@@@5@$0A@@std@@@2@@Z 10002a9c f i nav.obj
 0001:00001ae3       ??E?$_Tree_unchecked_const_iterator@V?$_Tree_val@V?$_Tmap_traits@PBXUtss_data_node@detail@boost@@U?$less@PBX@std@@V?$allocator@U?$pair@QBXUtss_data_node@detail@boost@@@std@@@5@$0A@@std@@@std@@U_Iterator_base0@2@@std@@QAEAAV01@XZ 10002ae3 f i nav.obj
 0001:00001b1e       ??$heap_delete@Uthread_data_base@detail@boost@@@detail@boost@@YAXPAUthread_data_base@01@@Z 10002b1e f i nav.obj
 0001:00001b40       ??1?$CUtlVector@PAUBorder@@V?$CUtlMemory@PAUBorder@@H@@@@QAE@XZ 10002b40 f i main.obj
 0001:00001b40       ??1?$CUtlVector@PAVNode@@V?$CUtlMemory@PAVNode@@H@@@@QAE@XZ 10002b40 f i nav.obj
 0001:00001b72       ?Remove@?$CUtlVector@PAVNode@@V?$CUtlMemory@PAVNode@@H@@@@QAEXH@Z 10002b72 f i nav.obj
 0001:00001b96       ??$_Allocate@D@std@@YAPADIPAD@Z 10002b96 f i nav.obj
 0001:00001bdd       ??0exception@boost@@QAE@ABV01@@Z 10002bdd f i nav.obj
 0001:00001c16       ??0clone_base@exception_detail@boost@@QAE@ABV012@@Z 10002c16 f i nav.obj
 0001:00001c21       ?InsertBefore@?$CUtlVector@PAVNode@@V?$CUtlMemory@PAVNode@@H@@@@QAEHHABQAVNode@@@Z 10002c21 f i nav.obj
 0001:00001c79       ??_G?$pair@QBXUtss_data_node@detail@boost@@@std@@QAEPAXI@Z 10002c79 f i nav.obj
 0001:00001c9f       _gmod13_open               10002c9f f   main.obj
 0001:00001ce3       _gmod13_close              10002ce3 f   main.obj
 0001:00001d73       ?NewVectorObject@@YAPAVILuaObject@@PAUlua_State@@ABVVector@@@Z 10002d73 f   main.obj
 0001:00001ee0       ?LUA_PushVector@@YAXPAUlua_State@@ABVVector@@@Z 10002ee0 f   main.obj
 0001:00001f12       ?AddConnection@@YAXPAUlua_State@@AAV?$CUtlVector@PAUBorder@@V?$CUtlMemory@PAUBorder@@H@@@@PAVNode@@W4NavDirType@@3@Z 10002f12 f   main.obj
 0001:000020f3       ?IsTerritory@@YA_NPAVNode@@W4NavDirType@@H@Z 100030f3 f   main.obj
 0001:0000211a       ?MakeConnections@@YAXPAUlua_State@@AAV?$CUtlVector@PAUBorder@@V?$CUtlMemory@PAUBorder@@H@@@@PAVNode@@@Z 1000311a f   main.obj
 0001:00002565       ?Nav_Flood@@YAHPAUlua_State@@@Z 10003565 f   main.obj
 0001:00002d7a       ?Nav_GetTerritory@@YAHPAUlua_State@@@Z 10003d7a f   main.obj
 0001:00002e93       ?Init@@YAHPAUlua_State@@@Z 10003e93 f   main.obj
 0001:00002f43       ?AddToTail@?$CUtlVector@PAUBorder@@V?$CUtlMemory@PAUBorder@@H@@@@QAEHABQAUBorder@@@Z 10003f43 f i main.obj
 0001:00002f9f       ?FindAndRemove@?$CUtlVector@PAUBorder@@V?$CUtlMemory@PAUBorder@@H@@@@QAE_NABQAUBorder@@@Z 10003f9f f i main.obj
 0001:00002fe8       ?Grow@?$CUtlMemory@PAUBorder@@H@@QAEXH@Z 10003fe8 f i main.obj
 0001:00002fe8       ?Grow@?$CUtlMemory@PAVNode@@H@@QAEXH@Z 10003fe8 f i nav.obj
 0001:00003046       ??1out_of_range@std@@UAE@XZ 10004046 f i libcpmt:xthrow.obj
 0001:00003046       ??1length_error@std@@UAE@XZ 10004046 f i libcpmt:xthrow.obj
 0001:0000304b       ??0logic_error@std@@QAE@ABV01@@Z 1000404b f i libcpmt:xthrow.obj
 0001:00003068       ?_Xlength_error@std@@YAXPBD@Z 10004068 f   libcpmt:xthrow.obj
 0001:00003098       ??0length_error@std@@QAE@ABV01@@Z 10004098 f i libcpmt:xthrow.obj
 0001:000030b5       ?_Xout_of_range@std@@YAXPBD@Z 100040b5 f   libcpmt:xthrow.obj
 0001:000030e5       ??0out_of_range@std@@QAE@ABV01@@Z 100040e5 f i libcpmt:xthrow.obj
 0001:00003102       ??_Gout_of_range@std@@UAEPAXI@Z 10004102 f i libcpmt:xthrow.obj
 0001:00003102       ??_Elogic_error@std@@UAEPAXI@Z 10004102 f i libcpmt:xthrow.obj
 0001:00003102       ??_Glength_error@std@@UAEPAXI@Z 10004102 f i libcpmt:xthrow.obj
 0001:00003102       ??_Glogic_error@std@@UAEPAXI@Z 10004102 f i libcpmt:xthrow.obj
 0001:00003102       ??_Eout_of_range@std@@UAEPAXI@Z 10004102 f i libcpmt:xthrow.obj
 0001:00003102       ??_Elength_error@std@@UAEPAXI@Z 10004102 f i libcpmt:xthrow.obj
 0001:00003123       @__security_check_cookie@4 10004123 f   LIBCMT:secchk.obj
 0001:00003140       _memmove                   10004140 f   LIBCMT:memmove.obj
 0001:000034a1       __vsnprintf_helper         100044a1 f   LIBCMT:vsnprnc.obj
 0001:0000356b       __vsprintf_s_l             1000456b f   LIBCMT:vsnprnc.obj
 0001:000035e2       _vsprintf_s                100045e2 f   LIBCMT:vsnprnc.obj
 0001:000035ff       ??3@YAXPAX@Z               100045ff f   LIBCMT:delete.obj
 0001:0000360a       ??2@YAPAXI@Z               1000460a f   LIBCMT:new.obj
 0001:0000368a       ??0exception@std@@QAE@ABQBDH@Z 1000468a f   LIBCMT:stdexcpt.obj
 0001:000036a7       ?what@exception@std@@UBEPBDXZ 100046a7 f   LIBCMT:stdexcpt.obj
 0001:000036b4       ?_Copy_str@exception@std@@AAEXPBD@Z 100046b4 f   LIBCMT:stdexcpt.obj
 0001:000036f4       ?_Tidy@exception@std@@AAEXXZ 100046f4 f   LIBCMT:stdexcpt.obj
 0001:00003712       ??0exception@std@@QAE@ABQBD@Z 10004712 f   LIBCMT:stdexcpt.obj
 0001:00003739       ??4exception@std@@QAEAAV01@ABV01@@Z 10004739 f   LIBCMT:stdexcpt.obj
 0001:0000376e       ??1exception@std@@UAE@XZ   1000476e f   LIBCMT:stdexcpt.obj
 0001:00003779       ??_Eexception@std@@UAEPAXI@Z 10004779 f i LIBCMT:stdexcpt.obj
 0001:00003779       ??_Gexception@std@@UAEPAXI@Z 10004779 f i LIBCMT:stdexcpt.obj
 0001:000037a0       ??0exception@std@@QAE@ABV01@@Z 100047a0 f   LIBCMT:stdexcpt.obj
 0001:000037c5       ??1type_info@@UAE@XZ       100047c5 f   LIBCMT:typinfo.obj
 0001:000037d5       ??_Gtype_info@@UAEPAXI@Z   100047d5 f i LIBCMT:typinfo.obj
 0001:000037d5       ??_Etype_info@@UAEPAXI@Z   100047d5 f i LIBCMT:typinfo.obj
 0001:000037f6       ??8type_info@@QBE_NABV0@@Z 100047f6 f   LIBCMT:typinfo.obj
 0001:00003816       _free                      10004816 f   LIBCMT:free.obj
 0001:00003850       _malloc                    10004850 f   LIBCMT:malloc.obj
 0001:000038e4       __purecall                 100048e4 f   LIBCMT:purevirt.obj
 0001:0000390e       __fclose_nolock            1000490e f   LIBCMT:fclose.obj
 0001:0000397b       _fclose                    1000497b f   LIBCMT:fclose.obj
 0001:000039ef       __CRT_INIT@12              100049ef f   LIBCMT:dllcrt0.obj
 0001:00003c49       __DllMainCRTStartup@12     10004c49 f   LIBCMT:dllcrt0.obj
 0001:00003c80       _strchr                    10004c80 f   LIBCMT:strchr.obj
 0001:00003c86       ___from_strstr_to_strchr   10004c86     LIBCMT:strchr.obj
 0001:00003d40       _strstr                    10004d40 f   LIBCMT:strstr.obj
 0001:00003dc6       __cfltcvt_init             10004dc6 f   LIBCMT:_fpinit_.obj
 0001:00003e26       __fpmath                   10004e26 f   LIBCMT:_fpinit_.obj
 0001:00003e40       _memcpy                    10004e40 f   LIBCMT:memcpy.obj
 0001:000041a1       ??0_LocaleUpdate@@QAE@PAUlocaleinfo_struct@@@Z 100051a1 f i LIBCMT:_ctype.obj
 0001:00004228       __isdigit_l                10005228 f i LIBCMT:_ctype.obj
 0001:00004279       _isdigit                   10005279 f i LIBCMT:_ctype.obj
 0001:000042b0       _memset                    100052b0 f   LIBCMT:memset.obj
 0001:0000432a       __freea                    1000532a f i LIBCMT:wcsupr.obj
 0001:0000434a       __tolower_l                1000534a f   LIBCMT:tolower.obj
 0001:0000445f       _tolower                   1000545f f   LIBCMT:tolower.obj
 0001:00004490       __allmul                   10005490 f   LIBCMT:llmul.obj
 0001:000044d0       _strncpy                   100054d0 f   LIBCMT:strncpy.obj
 0001:00004600       _strncat                   10005600 f   LIBCMT:strncat.obj
 0001:00004740       __aulldiv                  10005740 f   LIBCMT:ulldiv.obj
 0001:000047a8       __isleadbyte_l             100057a8 f i LIBCMT:_wctype.obj
 0001:000047e0       _isleadbyte                100057e0 f i LIBCMT:_wctype.obj
 0001:00004800       __alloca_probe_16          10005800 f   LIBCMT:alloca16.obj
 0001:00004816       __alloca_probe_8           10005816     LIBCMT:alloca16.obj
 0001:0000482c       __CxxThrowException@8      1000582c f   LIBCMT:throw.obj
 0001:00004878       ___report_gsfailure        10005878 f   LIBCMT:gs_report.obj
 0001:0000497e       __VEC_memcpy               1000597e f   LIBCMT:p4_memcpy.obj
 0001:00004a81       ___sse2_available_init     10005a81 f   LIBCMT:cpu_disp.obj
 0001:00004a91       __flsbuf                   10005a91 f   LIBCMT:_flsbuf.obj
 0001:00004bf5       __initp_misc_invarg        10005bf5 f   LIBCMT:invarg.obj
 0001:00004c04       __call_reportfault         10005c04 f   LIBCMT:invarg.obj
 0001:00004d2d       __invoke_watson            10005d2d f   LIBCMT:invarg.obj
 0001:00004d52       __invalid_parameter        10005d52 f   LIBCMT:invarg.obj
 0001:00004d7f       __invalid_parameter_noinfo 10005d7f f   LIBCMT:invarg.obj
 0001:00004d8f       __get_errno_from_oserr     10005d8f f   LIBCMT:dosmap.obj
 0001:00004dd1       __errno                    10005dd1 f   LIBCMT:dosmap.obj
 0001:00004de4       ___doserrno                10005de4 f   LIBCMT:dosmap.obj
 0001:00004df7       __dosmaperr                10005df7 f   LIBCMT:dosmap.obj
 0001:00004eaf       __output_s_l               10005eaf f   LIBCMT:outputs.obj
 0001:00005b99       ___onexitinit              10006b99 f   LIBCMT:onexit.obj
 0001:00005bca       __onexit                   10006bca f   LIBCMT:onexit.obj
 0001:00005c06       _atexit                    10006c06 f   LIBCMT:onexit.obj
 0001:00005c1d       __initp_heap_handler       10006c1d f   LIBCMT:handler.obj
 0001:00005c2c       __callnewh                 10006c2c f   LIBCMT:handler.obj
 0001:00005c54       _strcpy_s                  10006c54 f   LIBCMT:strcpy_s.obj
 0001:00005cc0       _strlen                    10006cc0 f   LIBCMT:strlen.obj
 0001:00005d4b       ?_Type_info_dtor@type_info@@CAXPAV1@@Z 10006d4b f   LIBCMT:typname.obj
 0001:00005dc0       _strcmp                    10006dc0 f   LIBCMT:strcmp.obj
 0001:00005e48       __heap_init                10006e48 f   LIBCMT:heapinit.obj
 0001:00005e66       __heap_term                10006e66 f   LIBCMT:heapinit.obj
 0001:00005e7a       ___crtCorExitProcess       10006e7a f   LIBCMT:crt0dat.obj
 0001:00005ea5       ___crtExitProcess          10006ea5 f   LIBCMT:crt0dat.obj
 0001:00005ebd       __lockexit                 10006ebd f   LIBCMT:crt0dat.obj
 0001:00005ec6       __unlockexit               10006ec6 f   LIBCMT:crt0dat.obj
 0001:00005ecf       __init_pointers            10006ecf f   LIBCMT:crt0dat.obj
 0001:00005f02       __initterm_e               10006f02 f   LIBCMT:crt0dat.obj
 0001:00005f26       __cinit                    10006f26 f   LIBCMT:crt0dat.obj
 0001:00006100       __exit                     10007100 f   LIBCMT:crt0dat.obj
 0001:00006116       __cexit                    10007116 f   LIBCMT:crt0dat.obj
 0001:00006125       __amsg_exit                10007125 f   LIBCMT:crt0dat.obj
 0001:00006143       __GET_RTERRMSG             10007143 f   LIBCMT:crt0msg.obj
 0001:00006169       __NMSG_WRITE               10007169 f   LIBCMT:crt0msg.obj
 0001:00006318       __FF_MSGBANNER             10007318 f   LIBCMT:crt0msg.obj
 0001:00006351       ___iob_func                10007351 f   LIBCMT:_file.obj
 0001:00006357       ___initstdio               10007357 f   LIBCMT:_file.obj
 0001:00006408       ___endstdio                10007408 f   LIBCMT:_file.obj
 0001:00006428       __lock_file                10007428 f   LIBCMT:_file.obj
 0001:00006469       __lock_file2               10007469 f   LIBCMT:_file.obj
 0001:0000649b       __unlock_file              1000749b f   LIBCMT:_file.obj
 0001:000064d7       __unlock_file2             100074d7 f   LIBCMT:_file.obj
 0001:00006506       __ioinit                   10007506 f   LIBCMT:ioinit.obj
 0001:0000674b       __ioterm                   1000774b f   LIBCMT:ioinit.obj
 0001:0000679e       __fileno                   1000779e f   LIBCMT:fileno.obj
 0001:000067d0       __SEH_prolog4              100077d0 f   LIBCMT:sehprolg4.obj
 0001:00006815       __SEH_epilog4              10007815 f   LIBCMT:sehprolg4.obj
 0001:00006830       __except_handler4          10007830 f   LIBCMT:chandler4.obj
 0001:000069c0       __local_unwind4            100079c0 f   LIBCMT:exsup4.obj
 0001:00006a96       __seh_longjmp_unwind4@4    10007a96 f   LIBCMT:exsup4.obj
 0001:00006ab2       @_EH4_CallFilterFunc@8     10007ab2 f   LIBCMT:exsup4.obj
 0001:00006ac9       @_EH4_TransferToHandler@8  10007ac9 f   LIBCMT:exsup4.obj
 0001:00006ae2       @_EH4_GlobalUnwind2@8      10007ae2 f   LIBCMT:exsup4.obj
 0001:00006afb       @_EH4_LocalUnwind@16       10007afb f   LIBCMT:exsup4.obj
 0001:00006b12       _abort                     10007b12 f   LIBCMT:abort.obj
 0001:00006b45       __set_abort_behavior       10007b45 f   LIBCMT:abort.obj
 0001:00006b66       __initp_misc_purevirt      10007b66 f   LIBCMT:inithelp.obj
 0001:00006b75       __close_nolock             10007b75 f   LIBCMT:close.obj
 0001:00006c11       __close                    10007c11 f   LIBCMT:close.obj
 0001:00006cd5       __freebuf                  10007cd5 f   LIBCMT:_freebuf.obj
 0001:00006d06       __flush                    10007d06 f   LIBCMT:fflush.obj
 0001:00006d6e       __fflush_nolock            10007d6e f   LIBCMT:fflush.obj
 0001:00006e90       __flushall                 10007e90 f   LIBCMT:fflush.obj
 0001:00006e99       __encoded_null             10007e99 f   LIBCMT:tidtable.obj
 0001:00006ea2       ___crtTlsAlloc@4           10007ea2 f   LIBCMT:tidtable.obj
 0001:00006eab       ___set_flsgetvalue         10007eab f   LIBCMT:tidtable.obj
 0001:00006edf       __mtterm                   10007edf f   LIBCMT:tidtable.obj
 0001:00006f1c       __initptd                  10007f1c f   LIBCMT:tidtable.obj
 0001:00006fd0       __getptd_noexit            10007fd0 f   LIBCMT:tidtable.obj
 0001:00007049       __getptd                   10008049 f   LIBCMT:tidtable.obj
 0001:00007063       __freefls@4                10008063 f   LIBCMT:tidtable.obj
 0001:00007192       __freeptd                  10008192 f   LIBCMT:tidtable.obj
 0001:00007200       __mtinit                   10008200 f   LIBCMT:tidtable.obj
 0001:0000737b       __malloc_crt               1000837b f   LIBCMT:crtheap.obj
 0001:000073c0       __calloc_crt               100083c0 f   LIBCMT:crtheap.obj
 0001:0000740c       __realloc_crt              1000840c f   LIBCMT:crtheap.obj
 0001:0000745a       __setenvp                  1000845a f   LIBCMT:stdenvp.obj
 0001:000076d0       __setargv                  100086d0 f   LIBCMT:stdargv.obj
 0001:0000778b       ___crtGetEnvironmentStringsA 1000878b f   LIBCMT:a_env.obj
 0001:00007822       __RTC_Initialize           10008822 f   LIBCMT:_initsect_.obj
 0001:00007848       __RTC_Terminate            10008848 f   LIBCMT:_initsect_.obj
 0001:0000786e       __XcptFilter               1000886e f   LIBCMT:winxfltr.obj
 0001:000079b8       ___CppXcptFilter           100089b8 f   LIBCMT:winxfltr.obj
 0001:000079d8       _DllMain@12                100089d8 f   LIBCMT:dllmain.obj
 0001:000079de       ___security_init_cookie    100089de f   LIBCMT:gs_support.obj
 0001:00007a79       __forcdecpt_l              10008a79 f   LIBCMT:cvt.obj
 0001:00007aed       __cropzeros_l              10008aed f   LIBCMT:cvt.obj
 0001:00007b6f       __positive                 10008b6f f   LIBCMT:cvt.obj
 0001:00007b8b       __fassign_l                10008b8b f   LIBCMT:cvt.obj
 0001:00007bcd       __fassign                  10008bcd f   LIBCMT:cvt.obj
 0001:00007c06       __forcdecpt                10008c06 f   LIBCMT:cvt.obj
 0001:00007c19       __cropzeros                10008c19 f   LIBCMT:cvt.obj
 0001:00007d8d       __cftoe_l                  10008d8d f   LIBCMT:cvt.obj
 0001:00007e54       __cftoe                    10008e54 f   LIBCMT:cvt.obj
 0001:00007e74       __cftoa_l                  10008e74 f   LIBCMT:cvt.obj
 0001:000082ed       __cftof_l                  100092ed f   LIBCMT:cvt.obj
 0001:000083ae       __cftog_l                  100093ae f   LIBCMT:cvt.obj
 0001:0000849b       __cfltcvt_l                1000949b f   LIBCMT:cvt.obj
 0001:00008523       __cfltcvt                  10009523 f   LIBCMT:cvt.obj
 0001:00008546       __initp_misc_cfltcvt_tab   10009546 f   LIBCMT:cmiscdat.obj
 0001:00008569       __setdefaultprecision      10009569 f   LIBCMT:fp8.obj
 0001:000087b4       ___updatetmbcinfo          100097b4 f   LIBCMT:mbctype.obj
 0001:000088d4       __setmbcp_nolock           100098d4 f   LIBCMT:mbctype.obj
 0001:00008abd       __setmbcp                  10009abd f   LIBCMT:mbctype.obj
 0001:00008c57       ___initmbctable            10009c57 f   LIBCMT:mbctype.obj
 0001:00008c75       ___addlocaleref            10009c75 f   LIBCMT:localref.obj
 0001:00008d04       ___removelocaleref         10009d04 f   LIBCMT:localref.obj
 0001:00008d9d       ___freetlocinfo            10009d9d f   LIBCMT:localref.obj
 0001:00008ee8       __updatetlocinfoEx_nolock  10009ee8 f   LIBCMT:localref.obj
 0001:00008f35       ___updatetlocinfo          10009f35 f   LIBCMT:localref.obj
 0001:00008fae       __isctype_l                10009fae f   LIBCMT:isctype.obj
 0001:00009066       __VEC_memzero              1000a066 f   LIBCMT:p4_memset.obj
 0001:00009120       _wcscpy_s                  1000a120 f   LIBCMT:wcscpy_s.obj
 0001:0000936a       ___crtLCMapStringA         1000a36a f   LIBCMT:a_map.obj
 0001:000093b0       __chkstk                   1000a3b0 f   LIBCMT:chkstk.obj
 0001:000093b0       __alloca_probe             1000a3b0     LIBCMT:chkstk.obj
 0001:000093db       __mtinitlocks              1000a3db f   LIBCMT:mlock.obj
 0001:00009425       __mtdeletelocks            1000a425 f   LIBCMT:mlock.obj
 0001:0000947c       __unlock                   1000a47c f   LIBCMT:mlock.obj
 0001:00009493       __mtinitlocknum            1000a493 f   LIBCMT:mlock.obj
 0001:00009555       __lock                     1000a555 f   LIBCMT:mlock.obj
 0001:00009588       __crt_debugger_hook        1000a588 f   LIBCMT:dbghook.obj
 0001:00009590       __lseeki64_nolock          1000a590 f   LIBCMT:lseeki64.obj
 0001:00009615       __lseeki64                 1000a615 f   LIBCMT:lseeki64.obj
 0001:000096ff       __write_nolock             1000a6ff f   LIBCMT:write.obj
 0001:00009dfc       __write                    1000adfc f   LIBCMT:write.obj
 0001:00009ed0       __getbuf                   1000aed0 f   LIBCMT:_getbuf.obj
 0001:00009f19       __isatty                   1000af19 f   LIBCMT:isatty.obj
 0001:00009f6f       __get_printf_count_output  1000af6f f   LIBCMT:printf.obj
 0001:00009f85       __wctomb_s_l               1000af85 f   LIBCMT:wctomb.obj
 0001:0000a0da       _wctomb_s                  1000b0da f   LIBCMT:wctomb.obj
 0001:0000a100       __aulldvrm                 1000b100 f   LIBCMT:ulldvrm.obj
 0001:0000a195       __msize                    1000b195 f   LIBCMT:msize.obj
 0001:0000a1c8       ?terminate@@YAXXZ          1000b1c8 f   LIBCMT:hooks.obj
 0001:0000a201       ?unexpected@@YAXXZ         1000b201 f   LIBCMT:hooks.obj
 0001:0000a214       ?_inconsistency@@YAXXZ     1000b214 f   LIBCMT:hooks.obj
 0001:0000a24c       __initp_eh_hooks           1000b24c f   LIBCMT:hooks.obj
 0001:0000a25d       __initp_misc_winsig        1000b25d f   LIBCMT:winsig.obj
 0001:0000a2b2       ___get_sigabrt             1000b2b2 f   LIBCMT:winsig.obj
 0001:0000a2bf       _raise                     1000b2bf f   LIBCMT:winsig.obj
 0001:0000a462       __initp_misc_rand_s        1000b462 f   LIBCMT:rand_s.obj
 0001:0000a480       __ValidateImageBase        1000b480 f   LIBCMT:pesect.obj
 0001:0000a4c0       __FindPESection            1000b4c0 f   LIBCMT:pesect.obj
 0001:0000a510       __IsNonwritableInCurrentImage 1000b510 f   LIBCMT:pesect.obj
 0001:0000a5cc       ___crtMessageBoxW          1000b5cc f   LIBCMT:crtmboxw.obj
 0001:0000a738       _wcscat_s                  1000b738 f   LIBCMT:wcscat_s.obj
 0001:0000a7ad       _wcsncpy_s                 1000b7ad f   LIBCMT:wcsncpy_s.obj
 0001:0000a87a       _wcslen                    1000b87a f   LIBCMT:wcslen.obj
 0001:0000a895       __set_error_mode           1000b895 f   LIBCMT:errmode.obj
 0001:0000a8d4       __fcloseall                1000b8d4 f   LIBCMT:closeall.obj
 0001:0000a970       __mbtowc_l                 1000b970 f   LIBCMT:mbtowc.obj
 0001:0000aa86       _mbtowc                    1000ba86 f   LIBCMT:mbtowc.obj
 0001:0000aaa0       __global_unwind2           1000baa0 f   LIBCMT:exsup.obj
 0001:0000ab05       __local_unwind2            1000bb05 f   LIBCMT:exsup.obj
 0001:0000ab89       __abnormal_termination     1000bb89 f   LIBCMT:exsup.obj
 0001:0000abac       __NLG_Notify1              1000bbac f   LIBCMT:exsup.obj
 0001:0000abb5       __NLG_Notify               1000bbb5 f   LIBCMT:exsup.obj
 0001:0000abcc       __NLG_Dispatch2            1000bbcc     LIBCMT:exsup.obj
 0001:0000abcc       __NLG_Dispatch             1000bbcc     LIBCMT:exsup.obj
 0001:0000abd4       __NLG_Call                 1000bbd4 f   LIBCMT:exsup.obj
 0001:0000abd6       __NLG_Return2              1000bbd6     LIBCMT:exsup.obj
 0001:0000abd7       __free_osfhnd              1000bbd7 f   LIBCMT:osfinfo.obj
 0001:0000ac5d       __get_osfhandle            1000bc5d f   LIBCMT:osfinfo.obj
 0001:0000acc6       ___lock_fhandle            1000bcc6 f   LIBCMT:osfinfo.obj
 0001:0000ad65       __unlock_fhandle           1000bd65 f   LIBCMT:osfinfo.obj
 0001:0000ad8c       __commit                   1000bd8c f   LIBCMT:commit.obj
 0001:0000ae65       __calloc_impl              1000be65 f   LIBCMT:calloc_impl.obj
 0001:0000aee7       _realloc                   1000bee7 f   LIBCMT:realloc.obj
 0001:0000afe7       __ismbblead                1000bfe7 f   LIBCMT:ismbbyte.obj
 0001:0000b000       _strrchr                   1000c000 f   LIBCMT:strrchr.obj
 0001:0000b02d       __atodbl_l                 1000c02d f   LIBCMT:atodbl.obj
 0001:0000b0d5       __atoflt_l                 1000c0d5 f   LIBCMT:atodbl.obj
 0001:0000b17d       __fptostr                  1000c17d f   LIBCMT:_fptostr.obj
 0001:0000b230       ___dtold                   1000c230 f   LIBCMT:_cfout_.obj
 0001:0000b2e3       __fltout2                  1000c2e3 f   LIBCMT:_cfout_.obj
 0001:0000b380       __alldvrm                  1000c380 f   LIBCMT:lldvrm.obj
 0001:0000b460       __aullshr                  1000c460 f   LIBCMT:ullshr.obj
 0001:0000b47f       __fptrap                   1000c47f f   LIBCMT:crt0fp.obj
 0001:0000b488       __controlfp_s              1000c488 f   LIBCMT:_contrlfp_.obj
 0001:0000b5ce       ___crtGetStringTypeA       1000c5ce f   LIBCMT:a_str.obj
 0001:0000b60e       ___free_lc_time            1000c60e f   LIBCMT:inittime.obj
 0001:0000b985       ___free_lconv_num          1000c985 f   LIBCMT:initnum.obj
 0001:0000b9ee       ___free_lconv_mon          1000c9ee f   LIBCMT:initmon.obj
 0001:0000baf0       _strcspn                   1000caf0 f   LIBCMT:strcspn.obj
 0001:0000bb40       _strpbrk                   1000cb40 f   LIBCMT:strpbrk.obj
 0001:0000bb80       __SEH_prolog4_GS           1000cb80 f   LIBCMT:sehprolg4gs.obj
 0001:0000bbc8       __SEH_epilog4_GS           1000cbc8 f   LIBCMT:sehprolg4gs.obj
 0001:0000bbd7       __putwch_nolock            1000cbd7 f   LIBCMT:putwch.obj
 0001:0000bc19       __ld12tod                  1000cc19 f   LIBCMT:_intrncvt_.obj
 0001:0000c16a       __ld12tof                  1000d16a f   LIBCMT:_intrncvt_.obj
 0001:0000c6bb       ___strgtold12_l            1000d6bb f   LIBCMT:_strgtold_.obj
 0001:0000cd97       _$I10_OUTPUT               1000dd97 f   LIBCMT:_x10fout_.obj
 0001:0000d7bd       __control87                1000e7bd f i LIBCMT:_ieee87_.obj
 0001:0000dacf       ___initconout              1000eacf f   LIBCMT:initcon.obj
 0001:0000daee       ___termconout              1000eaee f   LIBCMT:initcon.obj
 0001:0000db10       ___ascii_strnicmp          1000eb10 f   LIBCMT:_strnicm.obj
 0001:0000db71       ___mtold12                 1000eb71 f   LIBCMT:_mantold_.obj
 0001:0000dd55       __statfp                   1000ed55 f   LIBCMT:_fpctrl_.obj
 0001:0000dd65       __clrfp                    1000ed65 f   LIBCMT:_fpctrl_.obj
 0001:0000dd76       __ctrlfp                   1000ed76 f   LIBCMT:_fpctrl_.obj
 0001:0000dda1       __set_statfp               1000eda1 f   LIBCMT:_fpctrl_.obj
 0001:0000ddf9       ___set_fpsr_sse2           1000edf9 f   LIBCMT:_fpctrl_.obj
 0001:0000de70       ??1bad_exception@std@@UAE@XZ 1000ee70 f i libboost_thread-vc100-mt-s-1_55:thread.obj
 0001:0000de80       ??_Ebad_exception@std@@UAEPAXI@Z 1000ee80 f i libboost_thread-vc100-mt-s-1_55:thread.obj
 0001:0000de80       ??_Gbad_exception@std@@UAEPAXI@Z 1000ee80 f i libboost_thread-vc100-mt-s-1_55:thread.obj
 0001:0000deb0       ?destroy@sp_counted_base@detail@boost@@UAEXXZ 1000eeb0 f i libboost_thread-vc100-mt-s-1_55:thread.obj
 0001:0000dec0       ??1once_context@detail@boost@@QAE@XZ 1000eec0 f i libboost_thread-vc100-mt-s-1_55:thread.obj
 0001:0000dee0       ?create_current_thread_tls_key@?A0x76023120@boost@@YAXXZ 1000eee0 f   libboost_thread-vc100-mt-s-1_55:thread.obj
 0001:0000df00       ?on_process_enter@boost@@YAXXZ 1000ef00 f   libboost_thread-vc100-mt-s-1_55:thread.obj
 0001:0000df00       ?sp_enable_shared_from_this@detail@boost@@YAXZZ 1000ef00 f   libboost_thread-vc100-mt-s-1_55:thread.obj
 0001:0000df00       ?tss_cleanup_implemented@boost@@YAXXZ 1000ef00 f   libboost_thread-vc100-mt-s-1_55:tss_pe.obj
 0001:0000df10       ?on_process_exit@boost@@YAXXZ 1000ef10 f   libboost_thread-vc100-mt-s-1_55:thread.obj
 0001:0000df30       ??$int_to_string@H@detail@boost@@YAXHPAD@Z 1000ef30 f i libboost_thread-vc100-mt-s-1_55:thread.obj
 0001:0000dfb0       ??$int_to_string@K@detail@boost@@YAXKPAD@Z 1000efb0 f i libboost_thread-vc100-mt-s-1_55:thread.obj
 0001:0000e030       ??0bad_exception@std@@QAE@ABV01@@Z 1000f030 f i libboost_thread-vc100-mt-s-1_55:thread.obj
 0001:0000e050       ?get_untyped_deleter@?$sp_counted_impl_p@V?$clone_impl@Ubad_exception_@exception_detail@boost@@@exception_detail@boost@@@detail@boost@@UAEPAXXZ 1000f050 f i libboost_thread-vc100-mt-s-1_55:thread.obj
 0001:0000e050       ?get_untyped_deleter@?$sp_counted_impl_p@V?$clone_impl@Ubad_alloc_@exception_detail@boost@@@exception_detail@boost@@@detail@boost@@UAEPAXXZ 1000f050 f i libboost_thread-vc100-mt-s-1_55:thread.obj
 0001:0000e060       ?get_deleter@?$sp_counted_impl_p@V?$clone_impl@Ubad_alloc_@exception_detail@boost@@@exception_detail@boost@@@detail@boost@@UAEPAXABVtype_info@@@Z 1000f060 f i libboost_thread-vc100-mt-s-1_55:thread.obj
 0001:0000e060       ?get_deleter@?$sp_counted_impl_p@V?$clone_impl@Ubad_exception_@exception_detail@boost@@@exception_detail@boost@@@detail@boost@@UAEPAXABVtype_info@@@Z 1000f060 f i libboost_thread-vc100-mt-s-1_55:thread.obj
 0001:0000e070       ?open_once_event@detail@boost@@YAPAXPADPAX@Z 1000f070 f i libboost_thread-vc100-mt-s-1_55:thread.obj
 0001:0000e0d0       ?create_once_event@detail@boost@@YAPAXPADPAX@Z 1000f0d0 f i libboost_thread-vc100-mt-s-1_55:thread.obj
 0001:0000e130       ?rollback_once_region@detail@boost@@YAXAAUonce_flag@2@AAUonce_context@12@@Z 1000f130 f i libboost_thread-vc100-mt-s-1_55:thread.obj
 0001:0000e180       ?call_once@boost@@YAXAAUonce_flag@1@P6AXXZ@Z 1000f180 f i libboost_thread-vc100-mt-s-1_55:thread.obj
 0001:0000e390       ??$?0V?$clone_impl@Ubad_alloc_@exception_detail@boost@@@exception_detail@boost@@@shared_count@detail@boost@@QAE@PAV?$clone_impl@Ubad_alloc_@exception_detail@boost@@@exception_detail@2@@Z 1000f390 f i libboost_thread-vc100-mt-s-1_55:thread.obj
 0001:0000e430       ??$?0V?$clone_impl@Ubad_exception_@exception_detail@boost@@@exception_detail@boost@@@shared_count@detail@boost@@QAE@PAV?$clone_impl@Ubad_exception_@exception_detail@boost@@@exception_detail@2@@Z 1000f430 f i libboost_thread-vc100-mt-s-1_55:thread.obj
 0001:0000e4d0       ?dispose@?$sp_counted_impl_p@V?$clone_impl@Ubad_exception_@exception_detail@boost@@@exception_detail@boost@@@detail@boost@@UAEXXZ 1000f4d0 f i libboost_thread-vc100-mt-s-1_55:thread.obj
 0001:0000e4d0       ?dispose@?$sp_counted_impl_p@V?$clone_impl@Ubad_alloc_@exception_detail@boost@@@exception_detail@boost@@@detail@boost@@UAEXXZ 1000f4d0 f i libboost_thread-vc100-mt-s-1_55:thread.obj
 0001:0000e4e0       ??_G?$sp_counted_impl_p@V?$clone_impl@Ubad_exception_@exception_detail@boost@@@exception_detail@boost@@@detail@boost@@UAEPAXI@Z 1000f4e0 f i libboost_thread-vc100-mt-s-1_55:thread.obj
 0001:0000e4e0       ??_Esp_counted_base@detail@boost@@UAEPAXI@Z 1000f4e0 f i libboost_thread-vc100-mt-s-1_55:thread.obj
 0001:0000e4e0       ??_E?$sp_counted_impl_p@V?$clone_impl@Ubad_exception_@exception_detail@boost@@@exception_detail@boost@@@detail@boost@@UAEPAXI@Z 1000f4e0 f i libboost_thread-vc100-mt-s-1_55:thread.obj
 0001:0000e4e0       ??_E?$sp_counted_impl_p@V?$clone_impl@Ubad_alloc_@exception_detail@boost@@@exception_detail@boost@@@detail@boost@@UAEPAXI@Z 1000f4e0 f i libboost_thread-vc100-mt-s-1_55:thread.obj
 0001:0000e4e0       ??_Gsp_counted_base@detail@boost@@UAEPAXI@Z 1000f4e0 f i libboost_thread-vc100-mt-s-1_55:thread.obj
 0001:0000e4e0       ??_G?$sp_counted_impl_p@V?$clone_impl@Ubad_alloc_@exception_detail@boost@@@exception_detail@boost@@@detail@boost@@UAEPAXI@Z 1000f4e0 f i libboost_thread-vc100-mt-s-1_55:thread.obj
 0001:0000e500       ??1bad_alloc_@exception_detail@boost@@UAE@XZ 1000f500 f i libboost_thread-vc100-mt-s-1_55:thread.obj
 0001:0000e540       ??_Ebad_alloc_@exception_detail@boost@@WBE@AEPAXI@Z 1000f540 f i libboost_thread-vc100-mt-s-1_55:thread.obj
 0001:0000e550       ??_Ebad_alloc_@exception_detail@boost@@UAEPAXI@Z 1000f550 f i libboost_thread-vc100-mt-s-1_55:thread.obj
 0001:0000e550       ??_Gbad_alloc_@exception_detail@boost@@UAEPAXI@Z 1000f550 f i libboost_thread-vc100-mt-s-1_55:thread.obj
 0001:0000e5b0       ??1bad_exception_@exception_detail@boost@@UAE@XZ 1000f5b0 f i libboost_thread-vc100-mt-s-1_55:thread.obj
 0001:0000e5f0       ??_Ebad_exception_@exception_detail@boost@@WBE@AEPAXI@Z 1000f5f0 f i libboost_thread-vc100-mt-s-1_55:thread.obj
 0001:0000e600       ??_Ebad_exception_@exception_detail@boost@@UAEPAXI@Z 1000f600 f i libboost_thread-vc100-mt-s-1_55:thread.obj
 0001:0000e600       ??_Gbad_exception_@exception_detail@boost@@UAEPAXI@Z 1000f600 f i libboost_thread-vc100-mt-s-1_55:thread.obj
 0001:0000e660       ??0bad_alloc_@exception_detail@boost@@QAE@ABU012@@Z 1000f660 f i libboost_thread-vc100-mt-s-1_55:thread.obj
 0001:0000e700       ??0bad_exception_@exception_detail@boost@@QAE@ABU012@@Z 1000f700 f i libboost_thread-vc100-mt-s-1_55:thread.obj
 0001:0000e7a0       ??1?$clone_impl@Ubad_alloc_@exception_detail@boost@@@exception_detail@boost@@UAE@XZ 1000f7a0 f i libboost_thread-vc100-mt-s-1_55:thread.obj
 0001:0000e810       ??_E?$clone_impl@Ubad_alloc_@exception_detail@boost@@@exception_detail@boost@@$4PPPPPPPM@CI@AEPAXI@Z 1000f810 f i libboost_thread-vc100-mt-s-1_55:thread.obj
 0001:0000e820       ??_E?$clone_impl@Ubad_alloc_@exception_detail@boost@@@exception_detail@boost@@WBE@AEPAXI@Z 1000f820 f i libboost_thread-vc100-mt-s-1_55:thread.obj
 0001:0000e830       ??1?$clone_impl@Ubad_exception_@exception_detail@boost@@@exception_detail@boost@@UAE@XZ 1000f830 f i libboost_thread-vc100-mt-s-1_55:thread.obj
 0001:0000e8a0       ??_E?$clone_impl@Ubad_exception_@exception_detail@boost@@@exception_detail@boost@@$4PPPPPPPM@CI@AEPAXI@Z 1000f8a0 f i libboost_thread-vc100-mt-s-1_55:thread.obj
 0001:0000e8b0       ??_E?$clone_impl@Ubad_exception_@exception_detail@boost@@@exception_detail@boost@@WBE@AEPAXI@Z 1000f8b0 f i libboost_thread-vc100-mt-s-1_55:thread.obj
 0001:0000e8c0       ??$sp_pointer_construct@$$CBVclone_base@exception_detail@boost@@V?$clone_impl@Ubad_alloc_@exception_detail@boost@@@23@@detail@boost@@YAXPAV?$shared_ptr@$$CBVclone_base@exception_detail@boost@@@1@PAV?$clone_impl@Ubad_alloc_@exception_detail@boost@@@exception_detail@1@AAVshared_count@01@@Z 1000f8c0 f i libboost_thread-vc100-mt-s-1_55:thread.obj
 0001:0000e930       ??$sp_pointer_construct@$$CBVclone_base@exception_detail@boost@@V?$clone_impl@Ubad_exception_@exception_detail@boost@@@23@@detail@boost@@YAXPAV?$shared_ptr@$$CBVclone_base@exception_detail@boost@@@1@PAV?$clone_impl@Ubad_exception_@exception_detail@boost@@@exception_detail@1@AAVshared_count@01@@Z 1000f930 f i libboost_thread-vc100-mt-s-1_55:thread.obj
 0001:0000e9a0       ??_D?$clone_impl@Ubad_alloc_@exception_detail@boost@@@exception_detail@boost@@QAEXXZ 1000f9a0 f i libboost_thread-vc100-mt-s-1_55:thread.obj
 0001:0000e9c0       ??0?$clone_impl@Ubad_alloc_@exception_detail@boost@@@exception_detail@boost@@QAE@ABV012@@Z 1000f9c0 f i libboost_thread-vc100-mt-s-1_55:thread.obj
 0001:0000ea70       ??_D?$clone_impl@Ubad_exception_@exception_detail@boost@@@exception_detail@boost@@QAEXXZ 1000fa70 f i libboost_thread-vc100-mt-s-1_55:thread.obj
 0001:0000ea90       ??0?$clone_impl@Ubad_exception_@exception_detail@boost@@@exception_detail@boost@@QAE@ABV012@@Z 1000fa90 f i libboost_thread-vc100-mt-s-1_55:thread.obj
 0001:0000eb40       ??_E?$clone_impl@Ubad_alloc_@exception_detail@boost@@@exception_detail@boost@@UAEPAXI@Z 1000fb40 f i libboost_thread-vc100-mt-s-1_55:thread.obj
 0001:0000eb40       ??_G?$clone_impl@Ubad_alloc_@exception_detail@boost@@@exception_detail@boost@@UAEPAXI@Z 1000fb40 f i libboost_thread-vc100-mt-s-1_55:thread.obj
 0001:0000eb70       ??_G?$clone_impl@Ubad_exception_@exception_detail@boost@@@exception_detail@boost@@UAEPAXI@Z 1000fb70 f i libboost_thread-vc100-mt-s-1_55:thread.obj
 0001:0000eb70       ??_E?$clone_impl@Ubad_exception_@exception_detail@boost@@@exception_detail@boost@@UAEPAXI@Z 1000fb70 f i libboost_thread-vc100-mt-s-1_55:thread.obj
 0001:0000eba0       ?rethrow@?$clone_impl@Ubad_alloc_@exception_detail@boost@@@exception_detail@boost@@EBEXXZ 1000fba0 f i libboost_thread-vc100-mt-s-1_55:thread.obj
 0001:0000ec80       ?rethrow@?$clone_impl@Ubad_exception_@exception_detail@boost@@@exception_detail@boost@@EBEXXZ 1000fc80 f i libboost_thread-vc100-mt-s-1_55:thread.obj
 0001:0000ed60       ?rethrow@?$clone_impl@Ubad_exception_@exception_detail@boost@@@exception_detail@boost@@$0PPPPPPPM@A@BEXXZ 1000fd60 f i libboost_thread-vc100-mt-s-1_55:thread.obj
 0001:0000ed70       ?rethrow@?$clone_impl@Ubad_alloc_@exception_detail@boost@@@exception_detail@boost@@$0PPPPPPPM@A@BEXXZ 1000fd70 f i libboost_thread-vc100-mt-s-1_55:thread.obj
 0001:0000ed80       ??$get_static_exception_object@Ubad_alloc_@exception_detail@boost@@@exception_detail@boost@@YA?AVexception_ptr@1@XZ 1000fd80 f i libboost_thread-vc100-mt-s-1_55:thread.obj
 0001:0000f070       ??$get_static_exception_object@Ubad_exception_@exception_detail@boost@@@exception_detail@boost@@YA?AVexception_ptr@1@XZ 10010070 f i libboost_thread-vc100-mt-s-1_55:thread.obj
 0001:0000f360       ?clone@?$clone_impl@Ubad_alloc_@exception_detail@boost@@@exception_detail@boost@@EBEPBVclone_base@23@XZ 10010360 f i libboost_thread-vc100-mt-s-1_55:thread.obj
 0001:0000f440       ?clone@?$clone_impl@Ubad_exception_@exception_detail@boost@@@exception_detail@boost@@EBEPBVclone_base@23@XZ 10010440 f i libboost_thread-vc100-mt-s-1_55:thread.obj
 0001:0000f520       ?clone@?$clone_impl@Ubad_alloc_@exception_detail@boost@@@exception_detail@boost@@$0PPPPPPPM@A@BEPBVclone_base@23@XZ 10010520 f i libboost_thread-vc100-mt-s-1_55:thread.obj
 0001:0000f530       ?clone@?$clone_impl@Ubad_exception_@exception_detail@boost@@@exception_detail@boost@@$0PPPPPPPM@A@BEPBVclone_base@23@XZ 10010530 f i libboost_thread-vc100-mt-s-1_55:thread.obj
 0001:0000f540       ?run_thread_exit_callbacks@?A0x76023120@boost@@YAXXZ 10010540 f   libboost_thread-vc100-mt-s-1_55:thread.obj
 0001:0000f6e0       ?on_thread_exit@boost@@YAXXZ 100106e0 f   libboost_thread-vc100-mt-s-1_55:thread.obj
 0001:0000f740       ?dll_callback@?A0xa0cf5416@@YGHPAXK0@Z 10010740 f   libboost_thread-vc100-mt-s-1_55:tss_pe.obj
 0001:0000f780       ??_Eerror_category@system@boost@@UAEPAXI@Z 10010780 f i libboost_system-vc100-mt-s-1_55:error_code.obj
 0001:0000f780       ??_Gsystem_error_category@?A0x2ad791f3@system@boost@@UAEPAXI@Z 10010780 f i libboost_system-vc100-mt-s-1_55:error_code.obj
 0001:0000f780       ??_Gerror_category@system@boost@@UAEPAXI@Z 10010780 f i libboost_system-vc100-mt-s-1_55:error_code.obj
 0001:0000f780       ??_Esystem_error_category@?A0x2ad791f3@system@boost@@UAEPAXI@Z 10010780 f i libboost_system-vc100-mt-s-1_55:error_code.obj
 0001:0000f780       ??_Ggeneric_error_category@?A0x2ad791f3@system@boost@@UAEPAXI@Z 10010780 f i libboost_system-vc100-mt-s-1_55:error_code.obj
 0001:0000f780       ??_Egeneric_error_category@?A0x2ad791f3@system@boost@@UAEPAXI@Z 10010780 f i libboost_system-vc100-mt-s-1_55:error_code.obj
 0001:0000f7a0       ?default_error_condition@error_category@system@boost@@UBE?AVerror_condition@23@H@Z 100107a0 f i libboost_system-vc100-mt-s-1_55:error_code.obj
 0001:0000f7b0       ?equivalent@error_category@system@boost@@UBE_NHABVerror_condition@23@@Z 100107b0 f i libboost_system-vc100-mt-s-1_55:error_code.obj
 0001:0000f7f0       ?equivalent@error_category@system@boost@@UBE_NABVerror_code@23@H@Z 100107f0 f i libboost_system-vc100-mt-s-1_55:error_code.obj
 0001:0000f810       ??1local_free_on_destruction@detail@system@boost@@QAE@XZ 10010810 f i libboost_system-vc100-mt-s-1_55:error_code.obj
 0001:0000f820       ?name@generic_error_category@?A0x2ad791f3@system@boost@@UBEPBDXZ 10010820 f   libboost_system-vc100-mt-s-1_55:error_code.obj
 0001:0000f830       ?name@system_error_category@?A0x2ad791f3@system@boost@@UBEPBDXZ 10010830 f   libboost_system-vc100-mt-s-1_55:error_code.obj
 0001:0000f840       ?system_category@system@boost@@YAABVerror_category@12@XZ 10010840 f   libboost_system-vc100-mt-s-1_55:error_code.obj
 0001:0000f8b0       ?generic_category@system@boost@@YAABVerror_category@12@XZ 100108b0 f   libboost_system-vc100-mt-s-1_55:error_code.obj
 0001:0000f920       ?make_error_condition@errc@system@boost@@YA?AVerror_condition@23@W4errc_t@123@@Z 10010920 f i libboost_system-vc100-mt-s-1_55:error_code.obj
 0001:0000f9a0       ?default_error_condition@system_error_category@?A0x2ad791f3@system@boost@@UBE?AVerror_condition@34@H@Z 100109a0 f   libboost_system-vc100-mt-s-1_55:error_code.obj
 0001:00010320       ?assign@?$basic_string@DU?$char_traits@D@std@@V?$allocator@D@2@@std@@QAEAAV12@$$QAV12@@Z 10011320 f i libboost_system-vc100-mt-s-1_55:error_code.obj
 0001:000103a0       ?message@generic_error_category@?A0x2ad791f3@system@boost@@UBE?AV?$basic_string@DU?$char_traits@D@std@@V?$allocator@D@2@@std@@H@Z 100113a0 f   libboost_system-vc100-mt-s-1_55:error_code.obj
 0001:00010520       ?message@system_error_category@?A0x2ad791f3@system@boost@@UBE?AV?$basic_string@DU?$char_traits@D@std@@V?$allocator@D@2@@std@@H@Z 10011520 f   libboost_system-vc100-mt-s-1_55:error_code.obj
 0001:000106c6       _RtlUnwind@16              100116c6 f   kernel32:KERNEL32.dll
 0001:000106cc       ?_JumpToContinuation@@YGXPAXPAUEHRegistrationNode@@@Z 100116cc f   LIBCMT:_trnsctrl_.obj
 0001:000106fe       ?_CallMemberFunction1@@YGXPAX00@Z 100116fe f   LIBCMT:_trnsctrl_.obj
 0001:000106fe       ?_CallMemberFunction2@@YGXPAX00H@Z 100116fe f   LIBCMT:_trnsctrl_.obj
 0001:000106fe       ?_CallMemberFunction0@@YGXPAX0@Z 100116fe f   LIBCMT:_trnsctrl_.obj
 0001:00010705       ?_UnwindNestedFrames@@YGXPAUEHRegistrationNode@@PAUEHExceptionRecord@@@Z 10011705 f   LIBCMT:_trnsctrl_.obj
 0001:00010759       ___CxxFrameHandler3        10011759 f   LIBCMT:_trnsctrl_.obj
 0001:000107c2       ?_CallSETranslator@@YAHPAUEHExceptionRecord@@PAUEHRegistrationNode@@PAX2PBU_s_FuncInfo@@H1@Z 100117c2 f   LIBCMT:_trnsctrl_.obj
 0001:00010938       ?_GetRangeOfTrysToCheck@@YAPBU_s_TryBlockMapEntry@@PBU_s_FuncInfo@@HHPAI1@Z 10011938 f   LIBCMT:_trnsctrl_.obj
 0001:000109ab       __CreateFrameInfo          100119ab f   LIBCMT:_trnsctrl_.obj
 0001:000109d7       __IsExceptionObjectToBeDestroyed 100119d7 f   LIBCMT:_trnsctrl_.obj
 0001:000109fe       __FindAndUnlinkFrame       100119fe f   LIBCMT:_trnsctrl_.obj
 0001:00010a50       ?_CallCatchBlock2@@YAPAXPAUEHRegistrationNode@@PBU_s_FuncInfo@@PAXHK@Z 10011a50 f   LIBCMT:_trnsctrl_.obj
 0001:00010ab0       __allrem                   10011ab0 f   LIBCMT:llrem.obj
 0001:00010b70       __alldiv                   10011b70 f   LIBCMT:lldiv.obj
 0001:00010c1a       __get_sys_err_msg          10011c1a f i LIBCMT:strerror.obj
 0001:00010c42       _strerror                  10011c42 f   LIBCMT:strerror.obj
 0001:00010cac       ___TypeMatch               10011cac f   LIBCMT:frame.obj
 0001:00010d0b       ___FrameUnwindFilter       10011d0b f   LIBCMT:frame.obj
 0001:00010d5a       ___FrameUnwindToState      10011d5a f   LIBCMT:frame.obj
 0001:00010e7b       ___DestructExceptionObject 10011e7b f   LIBCMT:frame.obj
 0001:00010ed0       ___AdjustPointer           10011ed0 f   LIBCMT:frame.obj
 0001:00011154       ___BuildCatchObjectHelper  10012154 f   LIBCMT:frame.obj
 0001:000112d3       ___BuildCatchObject        100122d3 f   LIBCMT:frame.obj
 0001:0001184f       ___InternalCxxFrameHandler 1001284f f   LIBCMT:frame.obj
 0001:00011940       __CallSettingFrame@12      10012940 f   LIBCMT:lowhelpr.obj
 0001:00011967       __NLG_Return               10012967     LIBCMT:lowhelpr.obj
 0001:0001198c       ___sys_nerr                1001298c f   LIBCMT:syserr.obj
 0001:00011992       ___sys_errlist             10012992 f   LIBCMT:syserr.obj
 0001:00011998       __EH_prolog3               10012998 f   LIBCMT:ehprolg3.obj
 0001:000119cb       __EH_prolog3_catch         100129cb f   LIBCMT:ehprolg3.obj
 0001:00011a01       __EH_epilog3               10012a01 f   LIBCMT:ehprolg3.obj
 0001:00011a15       ?_ValidateExecute@@YAHP6GHXZ@Z 10012a15 f   LIBCMT:validate.obj
 0001:00011a15       ?_ValidateWrite@@YAHPAXI@Z 10012a15 f   LIBCMT:validate.obj
 0001:00011a15       ?_ValidateRead@@YAHPBXI@Z  10012a15 f   LIBCMT:validate.obj
 0001:00011a30       __CIsqrt                   10012a30 f   LIBCMT:_sqrt_.obj
 0001:00011a44       _sqrt                      10012a44     LIBCMT:_sqrt_.obj
 0001:00011af0       __ftol2_sse                10012af0 f   LIBCMT:ftol2.obj
 0001:00011af9       __ftol2_pentium4           10012af9 f   LIBCMT:ftol2.obj
 0001:00011b0c       __ftol2_sse_excpt          10012b0c f   LIBCMT:ftol2.obj
 0001:00011b26       __ftol2                    10012b26 f   LIBCMT:ftol2.obj
 0001:00011ba0       __trandisp1                10012ba0 f   LIBCMT:_87disp_.obj
 0001:00011c07       __trandisp2                10012c07 f   LIBCMT:_87disp_.obj
 0001:00011c93       __rttospopde               10012c93     LIBCMT:_87disp_.obj
 0001:00011c98       __rttospop                 10012c98     LIBCMT:_87disp_.obj
 0001:00011c9a       __rtnospop                 10012c9a     LIBCMT:_87disp_.obj
 0001:00011c9c       __rttosnpop                10012c9c     LIBCMT:_87disp_.obj
 0001:00011c9d       __rtnospopde               10012c9d     LIBCMT:_87disp_.obj
 0001:00011ca4       __rtzeropop                10012ca4     LIBCMT:_87disp_.obj
 0001:00011ca6       __rtzeronpop               10012ca6     LIBCMT:_87disp_.obj
 0001:00011cab       __rtonepop                 10012cab     LIBCMT:_87disp_.obj
 0001:00011cad       __rtonenpop                10012cad     LIBCMT:_87disp_.obj
 0001:00011cb2       __tosnan1                  10012cb2     LIBCMT:_87disp_.obj
 0001:00011cdd       __nosnan2                  10012cdd     LIBCMT:_87disp_.obj
 0001:00011cdf       __tosnan2                  10012cdf     LIBCMT:_87disp_.obj
 0001:00011d07       __nan2                     10012d07     LIBCMT:_87disp_.obj
 0001:00011d46       __rtindfpop                10012d46     LIBCMT:_87disp_.obj
 0001:00011d48       __rtindfnpop               10012d48     LIBCMT:_87disp_.obj
 0001:00011d59       __rttosnpopde              10012d59     LIBCMT:_87disp_.obj
 0001:00011d63       __rtchsifneg               10012d63     LIBCMT:_87disp_.obj
 0001:00011d70       __startTwoArgErrorHandling 10012d70 f   LIBCMT:_genexcep_.obj
 0001:00011d87       __startOneArgErrorHandling 10012d87 f   LIBCMT:_genexcep_.obj
 0001:00011dd0       __twoToTOS                 10012dd0 f   LIBCMT:_common_.obj
 0001:00011de5       __load_CW                  10012de5 f   LIBCMT:_common_.obj
 0001:00011dfc       __convertTOStoQNaN         10012dfc f   LIBCMT:_common_.obj
 0001:00011e15       __fload_withFB             10012e15 f   LIBCMT:_common_.obj
 0001:00011e58       __checkTOS_withFB          10012e58 f   LIBCMT:_common_.obj
 0001:00011e6e       __fast_exit                10012e6e f   LIBCMT:_common_.obj
 0001:00011e7b       __math_exit                10012e7b f   LIBCMT:_common_.obj
 0001:00011ea5       __check_overflow_exit      10012ea5 f   LIBCMT:_common_.obj
 0001:00011eb9       __check_range_exit         10012eb9 f   LIBCMT:_common_.obj
 0001:00011f5c       __87except                 10012f5c f   LIBCMT:_87except_.obj
 0001:0001209b       __raise_exc_ex             1001309b f   LIBCMT:_fpexcept_.obj
 0001:00012377       __raise_exc                10013377 f   LIBCMT:_fpexcept_.obj
 0001:0001239a       __handle_exc               1001339a f   LIBCMT:_fpexcept_.obj
 0001:0001257e       __set_errno_from_matherr   1001357e f   LIBCMT:_fpexcept_.obj
 0001:000125ab       __matherr                  100135ab f   LIBCMT:_matherr_.obj
 0001:000125ae       __set_exp                  100135ae f   LIBCMT:_util_.obj
 0001:000125db       __decomp                   100135db f   LIBCMT:_util_.obj
 0002:00000000       __imp__TlsSetValue@8       10015000     kernel32:KERNEL32.dll
 0002:00000004       __imp__FormatMessageA@28   10015004     kernel32:KERNEL32.dll
 0002:00000008       __imp__LocalFree@4         10015008     kernel32:KERNEL32.dll
 0002:0000000c       __imp__GetProcessHeap@0    1001500c     kernel32:KERNEL32.dll
 0002:00000010       __imp__HeapAlloc@12        10015010     kernel32:KERNEL32.dll
 0002:00000014       __imp__CreateEventA@16     10015014     kernel32:KERNEL32.dll
 0002:00000018       __imp__CloseHandle@4       10015018     kernel32:KERNEL32.dll
 0002:0000001c       __imp__HeapFree@12         1001501c     kernel32:KERNEL32.dll
 0002:00000020       __imp__MultiByteToWideChar@24 10015020     kernel32:KERNEL32.dll
 0002:00000024       __imp__WideCharToMultiByte@32 10015024     kernel32:KERNEL32.dll
 0002:00000028       __imp__ResetEvent@4        10015028     kernel32:KERNEL32.dll
 0002:0000002c       __imp__GetLastError@0      1001502c     kernel32:KERNEL32.dll
 0002:00000030       __imp__DecodePointer@4     10015030     kernel32:KERNEL32.dll
 0002:00000034       __imp__EncodePointer@4     10015034     kernel32:KERNEL32.dll
 0002:00000038       __imp__GetCurrentThreadId@0 10015038     kernel32:KERNEL32.dll
 0002:0000003c       __imp__GetCommandLineA@0   1001503c     kernel32:KERNEL32.dll
 0002:00000040       __imp__GetSystemTimeAsFileTime@4 10015040     kernel32:KERNEL32.dll
 0002:00000044       __imp__RaiseException@16   10015044     kernel32:KERNEL32.dll
 0002:00000048       __imp__TerminateProcess@8  10015048     kernel32:KERNEL32.dll
 0002:0000004c       __imp__GetCurrentProcess@0 1001504c     kernel32:KERNEL32.dll
 0002:00000050       __imp__UnhandledExceptionFilter@4 10015050     kernel32:KERNEL32.dll
 0002:00000054       __imp__SetUnhandledExceptionFilter@4 10015054     kernel32:KERNEL32.dll
 0002:00000058       __imp__IsDebuggerPresent@0 10015058     kernel32:KERNEL32.dll
 0002:0000005c       __imp__IsProcessorFeaturePresent@4 1001505c     kernel32:KERNEL32.dll
 0002:00000060       __imp__HeapCreate@12       10015060     kernel32:KERNEL32.dll
 0002:00000064       __imp__HeapDestroy@4       10015064     kernel32:KERNEL32.dll
 0002:00000068       __imp__GetProcAddress@8    10015068     kernel32:KERNEL32.dll
 0002:0000006c       __imp__GetModuleHandleW@4  1001506c     kernel32:KERNEL32.dll
 0002:00000070       __imp__ExitProcess@4       10015070     kernel32:KERNEL32.dll
 0002:00000074       __imp__WriteFile@20        10015074     kernel32:KERNEL32.dll
 0002:00000078       __imp__GetStdHandle@4      10015078     kernel32:KERNEL32.dll
 0002:0000007c       __imp__GetModuleFileNameW@12 1001507c     kernel32:KERNEL32.dll
 0002:00000080       __imp__EnterCriticalSection@4 10015080     kernel32:KERNEL32.dll
 0002:00000084       __imp__LeaveCriticalSection@4 10015084     kernel32:KERNEL32.dll
 0002:00000088       __imp__SetHandleCount@4    10015088     kernel32:KERNEL32.dll
 0002:0000008c       __imp__InitializeCriticalSectionAndSpinCount@8 1001508c     kernel32:KERNEL32.dll
 0002:00000090       __imp__GetFileType@4       10015090     kernel32:KERNEL32.dll
 0002:00000094       __imp__GetStartupInfoW@4   10015094     kernel32:KERNEL32.dll
 0002:00000098       __imp__DeleteCriticalSection@4 10015098     kernel32:KERNEL32.dll
 0002:0000009c       __imp__RtlUnwind@16        1001509c     kernel32:KERNEL32.dll
 0002:000000a0       __imp__TlsAlloc@0          100150a0     kernel32:KERNEL32.dll
 0002:000000a4       __imp__TlsGetValue@4       100150a4     kernel32:KERNEL32.dll
 0002:000000a8       __imp__TlsFree@4           100150a8     kernel32:KERNEL32.dll
 0002:000000ac       __imp__InterlockedIncrement@4 100150ac     kernel32:KERNEL32.dll
 0002:000000b0       __imp__SetLastError@4      100150b0     kernel32:KERNEL32.dll
 0002:000000b4       __imp__InterlockedDecrement@4 100150b4     kernel32:KERNEL32.dll
 0002:000000b8       __imp__Sleep@4             100150b8     kernel32:KERNEL32.dll
 0002:000000bc       __imp__GetModuleFileNameA@12 100150bc     kernel32:KERNEL32.dll
 0002:000000c0       __imp__FreeEnvironmentStringsW@4 100150c0     kernel32:KERNEL32.dll
 0002:000000c4       __imp__GetEnvironmentStringsW@0 100150c4     kernel32:KERNEL32.dll
 0002:000000c8       __imp__QueryPerformanceCounter@4 100150c8     kernel32:KERNEL32.dll
 0002:000000cc       __imp__GetTickCount@0      100150cc     kernel32:KERNEL32.dll
 0002:000000d0       __imp__GetCurrentProcessId@0 100150d0     kernel32:KERNEL32.dll
 0002:000000d4       __imp__GetCPInfo@8         100150d4     kernel32:KERNEL32.dll
 0002:000000d8       __imp__GetACP@0            100150d8     kernel32:KERNEL32.dll
 0002:000000dc       __imp__GetOEMCP@0          100150dc     kernel32:KERNEL32.dll
 0002:000000e0       __imp__IsValidCodePage@4   100150e0     kernel32:KERNEL32.dll
 0002:000000e4       __imp__LCMapStringW@24     100150e4     kernel32:KERNEL32.dll
 0002:000000e8       __imp__GetStringTypeW@16   100150e8     kernel32:KERNEL32.dll
 0002:000000ec       __imp__SetFilePointer@16   100150ec     kernel32:KERNEL32.dll
 0002:000000f0       __imp__GetConsoleCP@0      100150f0     kernel32:KERNEL32.dll
 0002:000000f4       __imp__GetConsoleMode@8    100150f4     kernel32:KERNEL32.dll
 0002:000000f8       __imp__HeapSize@12         100150f8     kernel32:KERNEL32.dll
 0002:000000fc       __imp__LoadLibraryW@4      100150fc     kernel32:KERNEL32.dll
 0002:00000100       __imp__SetStdHandle@8      10015100     kernel32:KERNEL32.dll
 0002:00000104       __imp__FlushFileBuffers@4  10015104     kernel32:KERNEL32.dll
 0002:00000108       __imp__HeapReAlloc@16      10015108     kernel32:KERNEL32.dll
 0002:0000010c       __imp__WriteConsoleW@20    1001510c     kernel32:KERNEL32.dll
 0002:00000110       __imp__CreateFileW@28      10015110     kernel32:KERNEL32.dll
 0002:00000114       __imp__SetEvent@4          10015114     kernel32:KERNEL32.dll
 0002:00000118       __imp__WaitForSingleObject@8 10015118     kernel32:KERNEL32.dll
 0002:0000011c       __imp__OpenEventA@12       1001511c     kernel32:KERNEL32.dll
 0002:00000120       \177KERNEL32_NULL_THUNK_DATA 10015120     kernel32:KERNEL32.dll
 0002:00000124       __imp_?Lock@CThreadMutex@@QAEXXZ 10015124     tier0:tier0.dll
 0002:00000128       __imp_?Unlock@CThreadMutex@@QAEXXZ 10015128     tier0:tier0.dll
 0002:0000012c       __imp__Msg                 1001512c     tier0:tier0.dll
 0002:00000130       __imp__g_pMemAlloc         10015130     tier0:tier0.dll
 0002:00000134       \177tier0_NULL_THUNK_DATA  10015134     tier0:tier0.dll
 0002:00000138       ___xc_a                    10015138     LIBCMT:crt0init.obj
 0002:00000144       ?p_process_init@?A0xa0cf5416@@3P6AHXZA 10015144     libboost_thread-vc100-mt-s-1_55:tss_pe.obj
 0002:00000180       ___xc_z                    10015180     LIBCMT:crt0init.obj
 0002:00000184       ___xi_a                    10015184     LIBCMT:crt0init.obj
 0002:00000198       ?p_tls_prepare@?A0xa0cf5416@@3P6AHXZA 10015198     libboost_thread-vc100-mt-s-1_55:tss_pe.obj
 0002:0000019c       ___xi_z                    1001519c     LIBCMT:crt0init.obj
 0002:000001a0       ___xl_a                    100151a0     LIBCMT:tlssup.obj
 0002:000001a4       ?__xl_ca@?A0xa0cf5416@@3P6GXPAUHINSTANCE__@@KPAX@ZA 100151a4     libboost_thread-vc100-mt-s-1_55:tss_pe.obj
 0002:000001a8       ___xl_z                    100151a8     LIBCMT:tlssup.obj
 0002:000001ac       ___xp_a                    100151ac     LIBCMT:crt0init.obj
 0002:000001b8       ___xp_z                    100151b8     LIBCMT:crt0init.obj
 0002:000001bc       ___xt_a                    100151bc     LIBCMT:crt0init.obj
 0002:000001c0       ?p_process_term@?A0xa0cf5416@@3P6AHXZA 100151c0     libboost_thread-vc100-mt-s-1_55:tss_pe.obj
 0002:000001c4       ___xt_z                    100151c4     LIBCMT:crt0init.obj
 0002:000001ec       ??_C@_01JOAMLHOP@?9?$AA@   100151ec     tier1:strtools.obj
 0002:000001f4       ??_7logic_error@std@@6B@   100151f4     libcpmt:xthrow.obj
 0002:00000200       ??_7length_error@std@@6B@  10015200     libcpmt:xthrow.obj
 0002:0000020c       ??_7out_of_range@std@@6B@  1001520c     libcpmt:xthrow.obj
 0002:00000218       ??_7bad_alloc@std@@6B@     10015218     LIBCMT:new.obj
 0002:00000224       ??_7exception@std@@6B@     10015224     LIBCMT:stdexcpt.obj
 0002:0000022c       ??_C@_0BC@EOODALEL@Unknown?5exception?$AA@ 1001522c     LIBCMT:stdexcpt.obj
 0002:00000244       ??_7type_info@@6B@         10015244     LIBCMT:typinfo.obj
 0002:00000248       __pDefaultRawDllMain       10015248     LIBCMT:dllcrt0.obj
 0002:0000024c       __FPinit                   1001524c     LIBCMT:_fpinit_.obj
 0002:00000278       ??_C@_1O@CEDCILHN@?$AA?$CI?$AAn?$AAu?$AAl?$AAl?$AA?$CJ?$AA?$AA@ 10015278     LIBCMT:output.obj
 0002:00000288       ??_C@_06OJHGLDPL@?$CInull?$CJ?$AA@ 10015288     LIBCMT:output.obj
 0002:00000290       ___lookuptable             10015290     LIBCMT:output.obj
 0002:000002f0       ___lookuptable_s           100152f0     LIBCMT:outputs.obj
 0002:0000034c       ??_C@_0P@MIGLKIOC@CorExitProcess?$AA@ 1001534c     LIBCMT:crt0dat.obj
 0002:0000035c       ??_C@_1BI@BGOHAHKC@?$AAm?$AAs?$AAc?$AAo?$AAr?$AAe?$AAe?$AA?4?$AAd?$AAl?$AAl?$AA?$AA@ 1001535c     LIBCMT:crt0dat.obj
 0002:00000374       ??_C@_1BO@BKOMIGKJ@?$AAr?$AAu?$AAn?$AAt?$AAi?$AAm?$AAe?$AA?5?$AAe?$AAr?$AAr?$AAo?$AAr?$AA?5?$AA?$AA@ 10015374     LIBCMT:crt0msg.obj
 0002:00000394       ??_C@_15JNBOKNOG@?$AA?$AN?$AA?6?$AA?$AA@ 10015394     LIBCMT:crt0msg.obj
 0002:0000039c       ??_C@_1BM@JBBEPPHI@?$AAT?$AAL?$AAO?$AAS?$AAS?$AA?5?$AAe?$AAr?$AAr?$AAo?$AAr?$AA?$AN?$AA?6?$AA?$AA@ 1001539c     LIBCMT:crt0msg.obj
 0002:000003b8       ??_C@_1BK@KMOMNAAI@?$AAS?$AAI?$AAN?$AAG?$AA?5?$AAe?$AAr?$AAr?$AAo?$AAr?$AA?$AN?$AA?6?$AA?$AA@ 100153b8     LIBCMT:crt0msg.obj
 0002:000003d4       ??_C@_1BO@BFCDCGC@?$AAD?$AAO?$AAM?$AAA?$AAI?$AAN?$AA?5?$AAe?$AAr?$AAr?$AAo?$AAr?$AA?$AN?$AA?6?$AA?$AA@ 100153d4     LIBCMT:crt0msg.obj
 0002:000003f8       ??_C@_1BOO@KGEDBGAJ@?$AAR?$AA6?$AA0?$AA3?$AA3?$AA?$AN?$AA?6?$AA?9?$AA?5?$AAA?$AAt?$AAt?$AAe?$AAm?$AAp?$AAt?$AA?5?$AAt?$AAo?$AA?5?$AAu?$AAs?$AAe?$AA?5?$AAM?$AAS?$AAI?$AAL?$AA?5?$AAc?$AAo?$AAd@ 100153f8     LIBCMT:crt0msg.obj
 0002:000005e8       ??_C@_1GG@GOPILAJP@?$AAR?$AA6?$AA0?$AA3?$AA2?$AA?$AN?$AA?6?$AA?9?$AA?5?$AAn?$AAo?$AAt?$AA?5?$AAe?$AAn?$AAo?$AAu?$AAg?$AAh?$AA?5?$AAs?$AAp?$AAa?$AAc?$AAe?$AA?5?$AAf?$AAo?$AAr?$AA?5?$AAl?$AAo@ 100155e8     LIBCMT:crt0msg.obj
 0002:00000650       ??_C@_1MG@ENCOOIDF@?$AAR?$AA6?$AA0?$AA3?$AA1?$AA?$AN?$AA?6?$AA?9?$AA?5?$AAA?$AAt?$AAt?$AAe?$AAm?$AAp?$AAt?$AA?5?$AAt?$AAo?$AA?5?$AAi?$AAn?$AAi?$AAt?$AAi?$AAa?$AAl?$AAi?$AAz?$AAe?$AA?5?$AAt@ 10015650     LIBCMT:crt0msg.obj
 0002:00000718       ??_C@_1DO@BMFCDCD@?$AAR?$AA6?$AA0?$AA3?$AA0?$AA?$AN?$AA?6?$AA?9?$AA?5?$AAC?$AAR?$AAT?$AA?5?$AAn?$AAo?$AAt?$AA?5?$AAi?$AAn?$AAi?$AAt?$AAi?$AAa?$AAl?$AAi?$AAz?$AAe?$AAd?$AA?$AN?$AA?6?$AA?$AA@ 10015718     LIBCMT:crt0msg.obj
 0002:00000758       ??_C@_1EK@HHFLMAOL@?$AAR?$AA6?$AA0?$AA2?$AA8?$AA?$AN?$AA?6?$AA?9?$AA?5?$AAu?$AAn?$AAa?$AAb?$AAl?$AAe?$AA?5?$AAt?$AAo?$AA?5?$AAi?$AAn?$AAi?$AAt?$AAi?$AAa?$AAl?$AAi?$AAz?$AAe?$AA?5?$AAh?$AAe@ 10015758     LIBCMT:crt0msg.obj
 0002:000007a8       ??_C@_1GK@MFGOKLAG@?$AAR?$AA6?$AA0?$AA2?$AA7?$AA?$AN?$AA?6?$AA?9?$AA?5?$AAn?$AAo?$AAt?$AA?5?$AAe?$AAn?$AAo?$AAu?$AAg?$AAh?$AA?5?$AAs?$AAp?$AAa?$AAc?$AAe?$AA?5?$AAf?$AAo?$AAr?$AA?5?$AAl?$AAo@ 100157a8     LIBCMT:crt0msg.obj
 0002:00000818       ??_C@_1GK@MCAAGJMO@?$AAR?$AA6?$AA0?$AA2?$AA6?$AA?$AN?$AA?6?$AA?9?$AA?5?$AAn?$AAo?$AAt?$AA?5?$AAe?$AAn?$AAo?$AAu?$AAg?$AAh?$AA?5?$AAs?$AAp?$AAa?$AAc?$AAe?$AA?5?$AAf?$AAo?$AAr?$AA?5?$AAs?$AAt@ 10015818     LIBCMT:crt0msg.obj
 0002:00000888       ??_C@_1EM@MAADIHMB@?$AAR?$AA6?$AA0?$AA2?$AA5?$AA?$AN?$AA?6?$AA?9?$AA?5?$AAp?$AAu?$AAr?$AAe?$AA?5?$AAv?$AAi?$AAr?$AAt?$AAu?$AAa?$AAl?$AA?5?$AAf?$AAu?$AAn?$AAc?$AAt?$AAi?$AAo?$AAn?$AA?5?$AAc@ 10015888     LIBCMT:crt0msg.obj
 0002:000008d8       ??_C@_1GK@FHCKBEFA@?$AAR?$AA6?$AA0?$AA2?$AA4?$AA?$AN?$AA?6?$AA?9?$AA?5?$AAn?$AAo?$AAt?$AA?5?$AAe?$AAn?$AAo?$AAu?$AAg?$AAh?$AA?5?$AAs?$AAp?$AAa?$AAc?$AAe?$AA?5?$AAf?$AAo?$AAr?$AA?5?$AA_?$AAo@ 100158d8     LIBCMT:crt0msg.obj
 0002:00000948       ??_C@_1FC@ECHBIFBC@?$AAR?$AA6?$AA0?$AA1?$AA9?$AA?$AN?$AA?6?$AA?9?$AA?5?$AAu?$AAn?$AAa?$AAb?$AAl?$AAe?$AA?5?$AAt?$AAo?$AA?5?$AAo?$AAp?$AAe?$AAn?$AA?5?$AAc?$AAo?$AAn?$AAs?$AAo?$AAl?$AAe?$AA?5@ 10015948     LIBCMT:crt0msg.obj
 0002:000009a0       ??_C@_1EC@JIBHAOPH@?$AAR?$AA6?$AA0?$AA1?$AA8?$AA?$AN?$AA?6?$AA?9?$AA?5?$AAu?$AAn?$AAe?$AAx?$AAp?$AAe?$AAc?$AAt?$AAe?$AAd?$AA?5?$AAh?$AAe?$AAa?$AAp?$AA?5?$AAe?$AAr?$AAr?$AAo?$AAr?$AA?$AN?$AA?6@ 100159a0     LIBCMT:crt0msg.obj
 0002:000009e8       ??_C@_1FK@BEOGODMC@?$AAR?$AA6?$AA0?$AA1?$AA7?$AA?$AN?$AA?6?$AA?9?$AA?5?$AAu?$AAn?$AAe?$AAx?$AAp?$AAe?$AAc?$AAt?$AAe?$AAd?$AA?5?$AAm?$AAu?$AAl?$AAt?$AAi?$AAt?$AAh?$AAr?$AAe?$AAa?$AAd?$AA?5@ 100159e8     LIBCMT:crt0msg.obj
 0002:00000a48       ??_C@_1FI@LOGNIKDM@?$AAR?$AA6?$AA0?$AA1?$AA6?$AA?$AN?$AA?6?$AA?9?$AA?5?$AAn?$AAo?$AAt?$AA?5?$AAe?$AAn?$AAo?$AAu?$AAg?$AAh?$AA?5?$AAs?$AAp?$AAa?$AAc?$AAe?$AA?5?$AAf?$AAo?$AAr?$AA?5?$AAt?$AAh@ 10015a48     LIBCMT:crt0msg.obj
 0002:00000aa0       ??_C@_1EG@BEHAGFJD@?$AAR?$AA6?$AA0?$AA1?$AA0?$AA?$AN?$AA?6?$AA?9?$AA?5?$AAa?$AAb?$AAo?$AAr?$AAt?$AA?$CI?$AA?$CJ?$AA?5?$AAh?$AAa?$AAs?$AA?5?$AAb?$AAe?$AAe?$AAn?$AA?5?$AAc?$AAa?$AAl?$AAl?$AAe?$AAd@ 10015aa0     LIBCMT:crt0msg.obj
 0002:00000ae8       ??_C@_1FI@HONFMGBI@?$AAR?$AA6?$AA0?$AA0?$AA9?$AA?$AN?$AA?6?$AA?9?$AA?5?$AAn?$AAo?$AAt?$AA?5?$AAe?$AAn?$AAo?$AAu?$AAg?$AAh?$AA?5?$AAs?$AAp?$AAa?$AAc?$AAe?$AA?5?$AAf?$AAo?$AAr?$AA?5?$AAe?$AAn@ 10015ae8     LIBCMT:crt0msg.obj
 0002:00000b40       ??_C@_1FE@LLNEDJMD@?$AAR?$AA6?$AA0?$AA0?$AA8?$AA?$AN?$AA?6?$AA?9?$AA?5?$AAn?$AAo?$AAt?$AA?5?$AAe?$AAn?$AAo?$AAu?$AAg?$AAh?$AA?5?$AAs?$AAp?$AAa?$AAc?$AAe?$AA?5?$AAf?$AAo?$AAr?$AA?5?$AAa?$AAr@ 10015b40     LIBCMT:crt0msg.obj
 0002:00000b98       ??_C@_1FK@PGACCAFB@?$AAR?$AA6?$AA0?$AA0?$AA2?$AA?$AN?$AA?6?$AA?9?$AA?5?$AAf?$AAl?$AAo?$AAa?$AAt?$AAi?$AAn?$AAg?$AA?5?$AAp?$AAo?$AAi?$AAn?$AAt?$AA?5?$AAs?$AAu?$AAp?$AAp?$AAo?$AAr?$AAt?$AA?5@ 10015b98     LIBCMT:crt0msg.obj
 0002:00000ca8       ??_C@_1EK@MBDPDCGA@?$AAM?$AAi?$AAc?$AAr?$AAo?$AAs?$AAo?$AAf?$AAt?$AA?5?$AAV?$AAi?$AAs?$AAu?$AAa?$AAl?$AA?5?$AAC?$AA?$CL?$AA?$CL?$AA?5?$AAR?$AAu?$AAn?$AAt?$AAi?$AAm?$AAe?$AA?5?$AAL?$AAi?$AAb@ 10015ca8     LIBCMT:crt0msg.obj
 0002:00000cf4       ??_C@_15IABLJNFO@?$AA?6?$AA?6?$AA?$AA@ 10015cf4     LIBCMT:crt0msg.obj
 0002:00000cfc       ??_C@_17LGKOMLJ@?$AA?4?$AA?4?$AA?4?$AA?$AA@ 10015cfc     LIBCMT:crt0msg.obj
 0002:00000d04       ??_C@_1CO@EAEJAADC@?$AA?$DM?$AAp?$AAr?$AAo?$AAg?$AAr?$AAa?$AAm?$AA?5?$AAn?$AAa?$AAm?$AAe?$AA?5?$AAu?$AAn?$AAk?$AAn?$AAo?$AAw?$AAn?$AA?$DO?$AA?$AA@ 10015d04     LIBCMT:crt0msg.obj
 0002:00000d34       ??_C@_1DE@JNGNBFGO@?$AAR?$AAu?$AAn?$AAt?$AAi?$AAm?$AAe?$AA?5?$AAE?$AAr?$AAr?$AAo?$AAr?$AA?$CB?$AA?6?$AA?6?$AAP?$AAr?$AAo?$AAg?$AAr?$AAa?$AAm?$AA?3?$AA?5?$AA?$AA@ 10015d34     LIBCMT:crt0msg.obj
 0002:00000d88       ??_C@_1BK@DBDEIDLH@?$AAK?$AAE?$AAR?$AAN?$AAE?$AAL?$AA3?$AA2?$AA?4?$AAD?$AAL?$AAL?$AA?$AA@ 10015d88     LIBCMT:tidtable.obj
 0002:00000da4       ??_C@_07PEJMOBNF@FlsFree?$AA@ 10015da4     LIBCMT:tidtable.obj
 0002:00000dac       ??_C@_0M@JCPCPOEF@FlsSetValue?$AA@ 10015dac     LIBCMT:tidtable.obj
 0002:00000db8       ??_C@_0M@GDNOONDI@FlsGetValue?$AA@ 10015db8     LIBCMT:tidtable.obj
 0002:00000dc4       ??_C@_08KNHFBNJ@FlsAlloc?$AA@ 10015dc4     LIBCMT:tidtable.obj
 0002:00000dd0       __XcptActTab               10015dd0     LIBCMT:winxfltr.obj
 0002:00000e60       __First_FPE_Indx           10015e60     LIBCMT:winxfltr.obj
 0002:00000e64       __Num_FPE                  10015e64     LIBCMT:winxfltr.obj
 0002:00000e68       __XcptActTabSize           10015e68     LIBCMT:winxfltr.obj
 0002:00000e6c       __XcptActTabCount          10015e6c     LIBCMT:winxfltr.obj
 0002:00000e70       ??_C@_05KLBDPFGC@e?$CL000?$AA@ 10015e70     LIBCMT:cvt.obj
 0002:00000e78       ??_C@_1BC@GDGBMEMK@?$AAH?$AAH?$AA?3?$AAm?$AAm?$AA?3?$AAs?$AAs?$AA?$AA@ 10015e78     LIBCMT:nlsdata2.obj
 0002:00000e8c       ??_C@_1CI@KNAKOEBC@?$AAd?$AAd?$AAd?$AAd?$AA?0?$AA?5?$AAM?$AAM?$AAM?$AAM?$AA?5?$AAd?$AAd?$AA?0?$AA?5?$AAy?$AAy?$AAy?$AAy?$AA?$AA@ 10015e8c     LIBCMT:nlsdata2.obj
 0002:00000eb4       ??_C@_1BC@IEBCMHCM@?$AAM?$AAM?$AA?1?$AAd?$AAd?$AA?1?$AAy?$AAy?$AA?$AA@ 10015eb4     LIBCMT:nlsdata2.obj
 0002:00000ec8       ??_C@_15CLMNNGEL@?$AAP?$AAM?$AA?$AA@ 10015ec8     LIBCMT:nlsdata2.obj
 0002:00000ed0       ??_C@_15ODEHAHHF@?$AAA?$AAM?$AA?$AA@ 10015ed0     LIBCMT:nlsdata2.obj
 0002:00000ed8       ??_C@_1BC@FEMKIFH@?$AAD?$AAe?$AAc?$AAe?$AAm?$AAb?$AAe?$AAr?$AA?$AA@ 10015ed8     LIBCMT:nlsdata2.obj
 0002:00000eec       ??_C@_1BC@BGLIFPF@?$AAN?$AAo?$AAv?$AAe?$AAm?$AAb?$AAe?$AAr?$AA?$AA@ 10015eec     LIBCMT:nlsdata2.obj
 0002:00000f00       ??_C@_1BA@EPANDLNG@?$AAO?$AAc?$AAt?$AAo?$AAb?$AAe?$AAr?$AA?$AA@ 10015f00     LIBCMT:nlsdata2.obj
 0002:00000f10       ??_C@_1BE@DKAAMBJL@?$AAS?$AAe?$AAp?$AAt?$AAe?$AAm?$AAb?$AAe?$AAr?$AA?$AA@ 10015f10     LIBCMT:nlsdata2.obj
 0002:00000f24       ??_C@_1O@PAHLKOAC@?$AAA?$AAu?$AAg?$AAu?$AAs?$AAt?$AA?$AA@ 10015f24     LIBCMT:nlsdata2.obj
 0002:00000f34       ??_C@_19BIFMLPCD@?$AAJ?$AAu?$AAl?$AAy?$AA?$AA@ 10015f34     LIBCMT:nlsdata2.obj
 0002:00000f40       ??_C@_19EPFLPGAP@?$AAJ?$AAu?$AAn?$AAe?$AA?$AA@ 10015f40     LIBCMT:nlsdata2.obj
 0002:00000f4c       ??_C@_1M@GJNLMHFD@?$AAA?$AAp?$AAr?$AAi?$AAl?$AA?$AA@ 10015f4c     LIBCMT:nlsdata2.obj
 0002:00000f58       ??_C@_1M@IKEENEDF@?$AAM?$AAa?$AAr?$AAc?$AAh?$AA?$AA@ 10015f58     LIBCMT:nlsdata2.obj
 0002:00000f64       ??_C@_1BC@JGDDFFAM@?$AAF?$AAe?$AAb?$AAr?$AAu?$AAa?$AAr?$AAy?$AA?$AA@ 10015f64     LIBCMT:nlsdata2.obj
 0002:00000f78       ??_C@_1BA@EFMEIEBA@?$AAJ?$AAa?$AAn?$AAu?$AAa?$AAr?$AAy?$AA?$AA@ 10015f78     LIBCMT:nlsdata2.obj
 0002:00000f88       ??_C@_17EGKACKIF@?$AAD?$AAe?$AAc?$AA?$AA@ 10015f88     LIBCMT:nlsdata2.obj
 0002:00000f90       ??_C@_17BBDMLCIG@?$AAN?$AAo?$AAv?$AA?$AA@ 10015f90     LIBCMT:nlsdata2.obj
 0002:00000f98       ??_C@_17FNLKOI@?$AAO?$AAc?$AAt?$AA?$AA@ 10015f98     LIBCMT:nlsdata2.obj
 0002:00000fa0       ??_C@_17HCHCOKMG@?$AAS?$AAe?$AAp?$AA?$AA@ 10015fa0     LIBCMT:nlsdata2.obj
 0002:00000fa8       ??_C@_17ICPELBCN@?$AAA?$AAu?$AAg?$AA?$AA@ 10015fa8     LIBCMT:nlsdata2.obj
 0002:00000fb0       ??_C@_17IJPCKHK@?$AAJ?$AAu?$AAl?$AA?$AA@ 10015fb0     LIBCMT:nlsdata2.obj
 0002:00000fb8       ??_C@_17KCJGOCPB@?$AAJ?$AAu?$AAn?$AA?$AA@ 10015fb8     LIBCMT:nlsdata2.obj
 0002:00000fc0       ??_C@_17PNNKMEED@?$AAM?$AAa?$AAy?$AA?$AA@ 10015fc0     LIBCMT:nlsdata2.obj
 0002:00000fc8       ??_C@_17LFPOIHDD@?$AAA?$AAp?$AAr?$AA?$AA@ 10015fc8     LIBCMT:nlsdata2.obj
 0002:00000fd0       ??_C@_17CKNLEDEC@?$AAM?$AAa?$AAr?$AA?$AA@ 10015fd0     LIBCMT:nlsdata2.obj
 0002:00000fd8       ??_C@_17LMDJEKJN@?$AAF?$AAe?$AAb?$AA?$AA@ 10015fd8     LIBCMT:nlsdata2.obj
 0002:00000fe0       ??_C@_17DKNBKCHM@?$AAJ?$AAa?$AAn?$AA?$AA@ 10015fe0     LIBCMT:nlsdata2.obj
 0002:00000fe8       ??_C@_1BC@ENMNNPAJ@?$AAS?$AAa?$AAt?$AAu?$AAr?$AAd?$AAa?$AAy?$AA?$AA@ 10015fe8     LIBCMT:nlsdata2.obj
[...]
 0001:00012780       __unwindfunclet$?rethrow@?$clone_impl@Ubad_exception_@exception_detail@boost@@@exception_detail@boost@@EBEXXZ$0 10013780 f   libboost_thread-vc100-mt-s-1_55:thread.obj
 0001:00012780       __unwindfunclet$?rethrow@?$clone_impl@Ubad_alloc_@exception_detail@boost@@@exception_detail@boost@@EBEXXZ$0 10013780 f   libboost_thread-vc100-mt-s-1_55:thread.obj
 0001:00012799       __unwindfunclet$?rethrow@?$clone_impl@Ubad_exception_@exception_detail@boost@@@exception_detail@boost@@EBEXXZ$2 10013799 f   libboost_thread-vc100-mt-s-1_55:thread.obj
 0001:00012799       __unwindfunclet$?rethrow@?$clone_impl@Ubad_alloc_@exception_detail@boost@@@exception_detail@boost@@EBEXXZ$2 10013799 f   libboost_thread-vc100-mt-s-1_55:thread.obj
 0001:000127a1       __ehhandler$?rethrow@?$clone_impl@Ubad_alloc_@exception_detail@boost@@@exception_detail@boost@@EBEXXZ 100137a1 f   libboost_thread-vc100-mt-s-1_55:thread.obj
 0001:000127a1       __ehhandler$?rethrow@?$clone_impl@Ubad_exception_@exception_detail@boost@@@exception_detail@boost@@EBEXXZ 100137a1 f   libboost_thread-vc100-mt-s-1_55:thread.obj
 0001:000127c0       __unwindfunclet$??$get_static_exception_object@Ubad_alloc_@exception_detail@boost@@@exception_detail@boost@@YA?AVexception_ptr@1@XZ$6 100137c0 f   libboost_thread-vc100-mt-s-1_55:thread.obj
 0001:000127c8       __unwindfunclet$??$get_static_exception_object@Ubad_alloc_@exception_detail@boost@@@exception_detail@boost@@YA?AVexception_ptr@1@XZ$0 100137c8 f   libboost_thread-vc100-mt-s-1_55:thread.obj
 0001:000127d0       __unwindfunclet$??$get_static_exception_object@Ubad_alloc_@exception_detail@boost@@@exception_detail@boost@@YA?AVexception_ptr@1@XZ$8 100137d0 f   libboost_thread-vc100-mt-s-1_55:thread.obj
 0001:000127e9       __unwindfunclet$??$get_static_exception_object@Ubad_alloc_@exception_detail@boost@@@exception_detail@boost@@YA?AVexception_ptr@1@XZ$10 100137e9 f   libboost_thread-vc100-mt-s-1_55:thread.obj
 0001:000127f1       __unwindfunclet$??$get_static_exception_object@Ubad_alloc_@exception_detail@boost@@@exception_detail@boost@@YA?AVexception_ptr@1@XZ$9 100137f1 f   libboost_thread-vc100-mt-s-1_55:thread.obj
 0001:000127f9       __unwindfunclet$??$get_static_exception_object@Ubad_alloc_@exception_detail@boost@@@exception_detail@boost@@YA?AVexception_ptr@1@XZ$1 100137f9 f   libboost_thread-vc100-mt-s-1_55:thread.obj
 0001:00012801       __unwindfunclet$??$get_static_exception_object@Ubad_alloc_@exception_detail@boost@@@exception_detail@boost@@YA?AVexception_ptr@1@XZ$2 10013801 f   libboost_thread-vc100-mt-s-1_55:thread.obj
 0001:0001280f       __unwindfunclet$??$get_static_exception_object@Ubad_alloc_@exception_detail@boost@@@exception_detail@boost@@YA?AVexception_ptr@1@XZ$3 1001380f f   libboost_thread-vc100-mt-s-1_55:thread.obj
 0001:0001281a       __unwindfunclet$??$get_static_exception_object@Ubad_alloc_@exception_detail@boost@@@exception_detail@boost@@YA?AVexception_ptr@1@XZ$14 1001381a f   libboost_thread-vc100-mt-s-1_55:thread.obj
 0001:00012836       __unwindfunclet$??$get_static_exception_object@Ubad_alloc_@exception_detail@boost@@@exception_detail@boost@@YA?AVexception_ptr@1@XZ$16 10013836 f   libboost_thread-vc100-mt-s-1_55:thread.obj
 0001:0001283e       __ehhandler$??$get_static_exception_object@Ubad_alloc_@exception_detail@boost@@@exception_detail@boost@@YA?AVexception_ptr@1@XZ 1001383e f   libboost_thread-vc100-mt-s-1_55:thread.obj
 0001:00012860       __unwindfunclet$??$get_static_exception_object@Ubad_exception_@exception_detail@boost@@@exception_detail@boost@@YA?AVexception_ptr@1@XZ$6 10013860 f   libboost_thread-vc100-mt-s-1_55:thread.obj
 0001:00012868       __unwindfunclet$??$get_static_exception_object@Ubad_exception_@exception_detail@boost@@@exception_detail@boost@@YA?AVexception_ptr@1@XZ$0 10013868 f   libboost_thread-vc100-mt-s-1_55:thread.obj
 0001:00012870       __unwindfunclet$??$get_static_exception_object@Ubad_exception_@exception_detail@boost@@@exception_detail@boost@@YA?AVexception_ptr@1@XZ$8 10013870 f   libboost_thread-vc100-mt-s-1_55:thread.obj
 0001:00012889       __unwindfunclet$??$get_static_exception_object@Ubad_exception_@exception_detail@boost@@@exception_detail@boost@@YA?AVexception_ptr@1@XZ$10 10013889 f   libboost_thread-vc100-mt-s-1_55:thread.obj
 0001:00012891       __unwindfunclet$??$get_static_exception_object@Ubad_exception_@exception_detail@boost@@@exception_detail@boost@@YA?AVexception_ptr@1@XZ$9 10013891 f   libboost_thread-vc100-mt-s-1_55:thread.obj
 0001:00012899       __unwindfunclet$??$get_static_exception_object@Ubad_exception_@exception_detail@boost@@@exception_detail@boost@@YA?AVexception_ptr@1@XZ$1 10013899 f   libboost_thread-vc100-mt-s-1_55:thread.obj
 0001:000128a1       __unwindfunclet$??$get_static_exception_object@Ubad_exception_@exception_detail@boost@@@exception_detail@boost@@YA?AVexception_ptr@1@XZ$2 100138a1 f   libboost_thread-vc100-mt-s-1_55:thread.obj
 0001:000128af       __unwindfunclet$??$get_static_exception_object@Ubad_exception_@exception_detail@boost@@@exception_detail@boost@@YA?AVexception_ptr@1@XZ$3 100138af f   libboost_thread-vc100-mt-s-1_55:thread.obj
 0001:000128ba       __unwindfunclet$??$get_static_exception_object@Ubad_exception_@exception_detail@boost@@@exception_detail@boost@@YA?AVexception_ptr@1@XZ$14 100138ba f   libboost_thread-vc100-mt-s-1_55:thread.obj
 0001:000128d6       __unwindfunclet$??$get_static_exception_object@Ubad_exception_@exception_detail@boost@@@exception_detail@boost@@YA?AVexception_ptr@1@XZ$16 100138d6 f   libboost_thread-vc100-mt-s-1_55:thread.obj
 0001:000128de       __ehhandler$??$get_static_exception_object@Ubad_exception_@exception_detail@boost@@@exception_detail@boost@@YA?AVexception_ptr@1@XZ 100138de f   libboost_thread-vc100-mt-s-1_55:thread.obj
 0001:00012900       __unwindfunclet$?clone@?$clone_impl@Ubad_alloc_@exception_detail@boost@@@exception_detail@boost@@EBEPBVclone_base@23@XZ$0 10013900 f   libboost_thread-vc100-mt-s-1_55:thread.obj
 0001:0001290b       __unwindfunclet$?clone@?$clone_impl@Ubad_alloc_@exception_detail@boost@@@exception_detail@boost@@EBEPBVclone_base@23@XZ$1 1001390b f   libboost_thread-vc100-mt-s-1_55:thread.obj
 0001:00012927       __unwindfunclet$?clone@?$clone_impl@Ubad_alloc_@exception_detail@boost@@@exception_detail@boost@@EBEPBVclone_base@23@XZ$2 10013927 f   libboost_thread-vc100-mt-s-1_55:thread.obj
 0001:0001292f       __ehhandler$?clone@?$clone_impl@Ubad_alloc_@exception_detail@boost@@@exception_detail@boost@@EBEPBVclone_base@23@XZ 1001392f f   libboost_thread-vc100-mt-s-1_55:thread.obj
 0001:00012950       __unwindfunclet$?clone@?$clone_impl@Ubad_exception_@exception_detail@boost@@@exception_detail@boost@@EBEPBVclone_base@23@XZ$0 10013950 f   libboost_thread-vc100-mt-s-1_55:thread.obj
 0001:0001295b       __unwindfunclet$?clone@?$clone_impl@Ubad_exception_@exception_detail@boost@@@exception_detail@boost@@EBEPBVclone_base@23@XZ$1 1001395b f   libboost_thread-vc100-mt-s-1_55:thread.obj
 0001:00012977       __unwindfunclet$?clone@?$clone_impl@Ubad_exception_@exception_detail@boost@@@exception_detail@boost@@EBEPBVclone_base@23@XZ$2 10013977 f   libboost_thread-vc100-mt-s-1_55:thread.obj
 0001:0001297f       __ehhandler$?clone@?$clone_impl@Ubad_exception_@exception_detail@boost@@@exception_detail@boost@@EBEPBVclone_base@23@XZ 1001397f f   libboost_thread-vc100-mt-s-1_55:thread.obj
 0001:000129a0       __unwindfunclet$?run_thread_exit_callbacks@?A0x76023120@boost@@YAXXZ$0 100139a0 f   libboost_thread-vc100-mt-s-1_55:thread.obj
 0001:000129a8       __ehhandler$?run_thread_exit_callbacks@?A0x76023120@boost@@YAXXZ 100139a8 f   libboost_thread-vc100-mt-s-1_55:thread.obj
 0001:000129d0       __unwindfunclet$??__Eposix_category@system@boost@@YAXXZ$0 100139d0 f   libboost_system-vc100-mt-s-1_55:error_code.obj
 0001:000129d0       __unwindfunclet$??__Eerrno_ecat@system@boost@@YAXXZ$0 100139d0 f   libboost_system-vc100-mt-s-1_55:error_code.obj
 0001:000129d0       __unwindfunclet$?generic_category@system@boost@@YAABVerror_category@12@XZ$0 100139d0 f   libboost_system-vc100-mt-s-1_55:error_code.obj
 0001:000129d0       __unwindfunclet$?make_error_condition@errc@system@boost@@YA?AVerror_condition@23@W4errc_t@123@@Z$0 100139d0 f   libboost_system-vc100-mt-s-1_55:error_code.obj
 0001:000129de       __ehhandler$?make_error_condition@errc@system@boost@@YA?AVerror_condition@23@W4errc_t@123@@Z 100139de f   libboost_system-vc100-mt-s-1_55:error_code.obj
 0001:000129de       __ehhandler$??__Eposix_category@system@boost@@YAXXZ 100139de f   libboost_system-vc100-mt-s-1_55:error_code.obj
 0001:000129de       __ehhandler$?generic_category@system@boost@@YAABVerror_category@12@XZ 100139de f   libboost_system-vc100-mt-s-1_55:error_code.obj
 0001:000129de       __ehhandler$??__Eerrno_ecat@system@boost@@YAXXZ 100139de f   libboost_system-vc100-mt-s-1_55:error_code.obj
 0001:00012a00       __unwindfunclet$?default_error_condition@system_error_category@?A0x2ad791f3@system@boost@@UBE?AVerror_condition@34@H@Z$0 10013a00 f   libboost_system-vc100-mt-s-1_55:error_code.obj
 0001:00012a0e       __ehhandler$?default_error_condition@system_error_category@?A0x2ad791f3@system@boost@@UBE?AVerror_condition@34@H@Z 10013a0e f   libboost_system-vc100-mt-s-1_55:error_code.obj
 0001:00012a30       __unwindfunclet$?message@generic_error_category@?A0x2ad791f3@system@boost@@UBE?AV?$basic_string@DU?$char_traits@D@std@@V?$allocator@D@2@@std@@H@Z$0 10013a30 f   libboost_system-vc100-mt-s-1_55:error_code.obj
 0001:00012a3e       __unwindfunclet$?message@generic_error_category@?A0x2ad791f3@system@boost@@UBE?AV?$basic_string@DU?$char_traits@D@std@@V?$allocator@D@2@@std@@H@Z$1 10013a3e f   libboost_system-vc100-mt-s-1_55:error_code.obj
 0001:00012a57       __unwindfunclet$?message@generic_error_category@?A0x2ad791f3@system@boost@@UBE?AV?$basic_string@DU?$char_traits@D@std@@V?$allocator@D@2@@std@@H@Z$2 10013a57 f   libboost_system-vc100-mt-s-1_55:error_code.obj
 0001:00012a70       __ehhandler$?message@generic_error_category@?A0x2ad791f3@system@boost@@UBE?AV?$basic_string@DU?$char_traits@D@std@@V?$allocator@D@2@@std@@H@Z 10013a70 f   libboost_system-vc100-mt-s-1_55:error_code.obj
 0001:00012aa0       __unwindfunclet$?message@system_error_category@?A0x2ad791f3@system@boost@@UBE?AV?$basic_string@DU?$char_traits@D@std@@V?$allocator@D@2@@std@@H@Z$0 10013aa0 f   libboost_system-vc100-mt-s-1_55:error_code.obj
 0001:00012aa8       __unwindfunclet$?message@system_error_category@?A0x2ad791f3@system@boost@@UBE?AV?$basic_string@DU?$char_traits@D@std@@V?$allocator@D@2@@std@@H@Z$1 10013aa8 f   libboost_system-vc100-mt-s-1_55:error_code.obj
 0001:00012ac1       __unwindfunclet$?message@system_error_category@?A0x2ad791f3@system@boost@@UBE?AV?$basic_string@DU?$char_traits@D@std@@V?$allocator@D@2@@std@@H@Z$2 10013ac1 f   libboost_system-vc100-mt-s-1_55:error_code.obj
 0001:00012ac9       __ehhandler$?message@system_error_category@?A0x2ad791f3@system@boost@@UBE?AV?$basic_string@DU?$char_traits@D@std@@V?$allocator@D@2@@std@@H@Z 10013ac9 f   libboost_system-vc100-mt-s-1_55:error_code.obj
 0001:00012b00       __unwindfunclet$??__Enative_ecat@system@boost@@YAXXZ$0 10013b00 f   libboost_system-vc100-mt-s-1_55:error_code.obj
 0001:00012b00       __unwindfunclet$?system_category@system@boost@@YAABVerror_category@12@XZ$0 10013b00 f   libboost_system-vc100-mt-s-1_55:error_code.obj
 0001:00012b00       __unwindfunclet$??__Ethrows@system@boost@@YAXXZ$0 10013b00 f   libboost_system-vc100-mt-s-1_55:error_code.obj
 0001:00012b0e       __ehhandler$??__Enative_ecat@system@boost@@YAXXZ 10013b0e f   libboost_system-vc100-mt-s-1_55:error_code.obj
 0001:00012b0e       __ehhandler$??__Ethrows@system@boost@@YAXXZ 10013b0e f   libboost_system-vc100-mt-s-1_55:error_code.obj
 0001:00012b0e       __ehhandler$?system_category@system@boost@@YAABVerror_category@12@XZ 10013b0e f   libboost_system-vc100-mt-s-1_55:error_code.obj
 0001:00012b28       __ehhandler$?CallUnexpected@@YAXPBU_s_ESTypeList@@@Z 10013b28 f   LIBCMT:frame.obj
 0001:00012b43       __unwindfunclet$?copy_boost_exception@exception_detail@boost@@YAXPAVexception@2@PBV32@@Z$0 10013b43 f    CIL library: CIL module
 0001:00012b4b       __unwindfunclet$?copy_boost_exception@exception_detail@boost@@YAXPAVexception@2@PBV32@@Z$1 10013b4b f    CIL library: CIL module
 0001:00012b53       __ehhandler$?copy_boost_exception@exception_detail@boost@@YAXPAVexception@2@PBV32@@Z 10013b53 f    CIL library: CIL module
 0001:00012b6e       __unwindfunclet$?GetNewTable@ILuaInterface@@QAEPAVILuaObject@@XZ$0 10013b6e f    CIL library: CIL module
 0001:00012b6e       __unwindfunclet$?GetMetaTable@ILuaInterface@@QAEPAVILuaObject@@PBDH@Z$0 10013b6e f    CIL library: CIL module
 0001:00012b6e       __unwindfunclet$??__Emodulemanager@@YAXXZ$0 10013b6e f    CIL library: CIL module
 0001:00012b78       __ehhandler$?GetMetaTable@ILuaInterface@@QAEPAVILuaObject@@PBDH@Z 10013b78 f    CIL library: CIL module
 0001:00012b78       __ehhandler$?GetNewTable@ILuaInterface@@QAEPAVILuaObject@@XZ 10013b78 f    CIL library: CIL module
 0001:00012b78       __ehhandler$??__Emodulemanager@@YAXXZ 10013b78 f    CIL library: CIL module
 0001:00012b93       __unwindfunclet$?GetObject@ILuaInterface@@QAEPAVILuaObject@@H@Z$0 10013b93 f    CIL library: CIL module
 0001:00012b93       __unwindfunclet$?Init@@YAHPAUlua_State@@@Z$0 10013b93 f    CIL library: CIL module
 0001:00012b93       __unwindfunclet$?GetGlobal@ILuaInterface@@QAEPAVILuaObject@@PBD@Z$0 10013b93 f    CIL library: CIL module
 0001:00012b9d       __ehhandler$?Init@@YAHPAUlua_State@@@Z 10013b9d f    CIL library: CIL module
 0001:00012b9d       __ehhandler$?GetObject@ILuaInterface@@QAEPAVILuaObject@@H@Z 10013b9d f    CIL library: CIL module
 0001:00012b9d       __ehhandler$?GetGlobal@ILuaInterface@@QAEPAVILuaObject@@PBD@Z 10013b9d f    CIL library: CIL module
 0001:00012bb8       __unwindfunclet$??0ILuaInterface@@QAE@PAUlua_State@@@Z$0 10013bb8 f    CIL library: CIL module
 0001:00012bc2       __unwindfunclet$??0ILuaInterface@@QAE@PAUlua_State@@@Z$1 10013bc2 f    CIL library: CIL module
 0001:00012bcc       __unwindfunclet$??0ILuaInterface@@QAE@PAUlua_State@@@Z$2 10013bcc f    CIL library: CIL module
 0001:00012bd6       __ehhandler$??0ILuaInterface@@QAE@PAUlua_State@@@Z 10013bd6 f    CIL library: CIL module
 0001:00012bf1       __unwindfunclet$?GetMember@ILuaObject@@QAEPAV1@N@Z$0 10013bf1 f    CIL library: CIL module
 0001:00012bfb       __ehhandler$?GetMember@ILuaObject@@QAEPAV1@N@Z 10013bfb f    CIL library: CIL module
 0001:00012c16       __unwindfunclet$?DeleteLuaVector@ILuaInterface@@QAEXPAV?$CUtlVector@ULuaKeyValue@@V?$CUtlMemory@ULuaKeyValue@@H@@@@@Z$0 10013c16 f    CIL library: CIL module
 0001:00012c1e       __ehhandler$?DeleteLuaVector@ILuaInterface@@QAEXPAV?$CUtlVector@ULuaKeyValue@@V?$CUtlMemory@ULuaKeyValue@@H@@@@@Z 10013c1e f    CIL library: CIL module
 0001:00012c39       __unwindfunclet$??1?$CUtlVector@PAUBorder@@V?$CUtlMemory@PAUBorder@@H@@@@QAE@XZ$0 10013c39 f    CIL library: CIL module
 0001:00012c39       __unwindfunclet$??1?$CUtlVector@PAVNode@@V?$CUtlMemory@PAVNode@@H@@@@QAE@XZ$0 10013c39 f    CIL library: CIL module
 0001:00012c41       __ehhandler$??1?$CUtlVector@PAVNode@@V?$CUtlMemory@PAVNode@@H@@@@QAE@XZ 10013c41 f    CIL library: CIL module
 0001:00012c41       __ehhandler$??1?$CUtlVector@PAUBorder@@V?$CUtlMemory@PAUBorder@@H@@@@QAE@XZ 10013c41 f    CIL library: CIL module
 0001:00012c5c       __ehhandler$?_Copy@?$basic_string@DU?$char_traits@D@std@@V?$allocator@D@2@@std@@QAEXII@Z 10013c5c f    CIL library: CIL module
 0001:00012c77       __unwindfunclet$?GetMembers@ILuaObject@@QAEPAV?$CUtlVector@ULuaKeyValue@@V?$CUtlMemory@ULuaKeyValue@@H@@@@XZ$0 10013c77 f    CIL library: CIL module
 0001:00012c81       __ehhandler$?GetMembers@ILuaObject@@QAEPAV?$CUtlVector@ULuaKeyValue@@V?$CUtlMemory@ULuaKeyValue@@H@@@@XZ 10013c81 f    CIL library: CIL module
 0001:00012c9c       __unwindfunclet$?Nav_Flood@@YAHPAUlua_State@@@Z$0 10013c9c f    CIL library: CIL module
 0001:00012ca6       __unwindfunclet$?Nav_Flood@@YAHPAUlua_State@@@Z$1 10013ca6 f    CIL library: CIL module
 0001:00012cb0       __unwindfunclet$?Nav_Flood@@YAHPAUlua_State@@@Z$2 10013cb0 f    CIL library: CIL module
 0001:00012cba       __unwindfunclet$?Nav_Flood@@YAHPAUlua_State@@@Z$6 10013cba f    CIL library: CIL module
 0001:00012cc2       __ehhandler$?Nav_Flood@@YAHPAUlua_State@@@Z 10013cc2 f    CIL library: CIL module
 0001:00012cf0       ??__Emodulemanager@@YAXXZ  10013cf0 f    CIL library: CIL module
 0001:00012d49       ??__Eposix_category@system@boost@@YAXXZ 10013d49 f    CIL library: CIL module
 0001:00012d54       ??__Eerrno_ecat@system@boost@@YAXXZ 10013d54 f    CIL library: CIL module
 0001:00012d5f       ??__Enative_ecat@system@boost@@YAXXZ 10013d5f f    CIL library: CIL module
 0001:00012d6a       ??__Eposix_category@system@boost@@YAXXZ 10013d6a f    CIL library: CIL module
 0001:00012d75       ??__Eerrno_ecat@system@boost@@YAXXZ 10013d75 f    CIL library: CIL module
 0001:00012d80       ??__Enative_ecat@system@boost@@YAXXZ 10013d80 f    CIL library: CIL module
 0001:00012d8b       ??__Eposix_category@system@boost@@YAXXZ 10013d8b f    CIL library: CIL module
 0001:00012d96       ??__Eerrno_ecat@system@boost@@YAXXZ 10013d96 f    CIL library: CIL module
 0001:00012da1       ??__Enative_ecat@system@boost@@YAXXZ 10013da1 f    CIL library: CIL module
 0001:00012db0       ??__E?e@?$exception_ptr_static_exception_object@Ubad_alloc_@exception_detail@boost@@@exception_detail@boost@@2Vexception_ptr@3@B@@YAXXZ 10013db0 f   libboost_thread-vc100-mt-s-1_55:thread.obj
 0001:00012dd0       ??__E?e@?$exception_ptr_static_exception_object@Ubad_exception_@exception_detail@boost@@@exception_detail@boost@@2Vexception_ptr@3@B@@YAXXZ 10013dd0 f   libboost_thread-vc100-mt-s-1_55:thread.obj
 0001:00012df0       ??__Eposix_category@system@boost@@YAXXZ 10013df0 f   libboost_system-vc100-mt-s-1_55:error_code.obj
 0001:00012e60       ??__Eerrno_ecat@system@boost@@YAXXZ 10013e60 f   libboost_system-vc100-mt-s-1_55:error_code.obj
 0001:00012ed0       ??__Enative_ecat@system@boost@@YAXXZ 10013ed0 f   libboost_system-vc100-mt-s-1_55:error_code.obj
 0001:00012f40       ??__Ethrows@system@boost@@YAXXZ 10013f40 f   libboost_system-vc100-mt-s-1_55:error_code.obj
 0001:00012fb0       ??__Fnomem@?5???2@YAPAXI@Z@YAXXZ 10013fb0 f   LIBCMT:new.obj
 0001:00012fd0       ??__F?e@?$exception_ptr_static_exception_object@Ubad_exception_@exception_detail@boost@@@exception_detail@boost@@2Vexception_ptr@3@B@@YAXXZ 10013fd0 f   libboost_thread-vc100-mt-s-1_55:thread.obj
 0001:00013010       ??__F?e@?$exception_ptr_static_exception_object@Ubad_alloc_@exception_detail@boost@@@exception_detail@boost@@2Vexception_ptr@3@B@@YAXXZ 10014010 f   libboost_thread-vc100-mt-s-1_55:thread.obj
 0001:00013050       ??__Fep@?1???$get_static_exception_object@Ubad_exception_@exception_detail@boost@@@exception_detail@boost@@YA?AVexception_ptr@1@XZ@YAXXZ 10014050 f   libboost_thread-vc100-mt-s-1_55:thread.obj
 0001:00013090       ??__Fep@?1???$get_static_exception_object@Ubad_alloc_@exception_detail@boost@@@exception_detail@boost@@YA?AVexception_ptr@1@XZ@YAXXZ 10014090 f   libboost_thread-vc100-mt-s-1_55:thread.obj
 0001:000130d0       ??__Fsystem_category_const@?1??system_category@system@boost@@YAABVerror_category@12@XZ@YAXXZ 100140d0 f   libboost_system-vc100-mt-s-1_55:error_code.obj
 0001:000130e0       ??__Fgeneric_category_const@?1??generic_category@system@boost@@YAABVerror_category@12@XZ@YAXXZ 100140e0 f   libboost_system-vc100-mt-s-1_55:error_code.obj
 0001:000130f0       ??__Funknown_err@?1??message@generic_error_category@?A0x2ad791f3@system@boost@@UBE?AV?$basic_string@DU?$char_traits@D@std@@V?$allocator@D@2@@std@@H@Z@YAXXZ 100140f0 f   libboost_system-vc100-mt-s-1_55:error_code.obj
